2025-12-18 03:26:08,837 - INFO - Шаблон URL загружен: https://www.instantcheckmate.com/results/?firstNam...
2025-12-18 03:26:13,599 - INFO - Шаблон URL загружен: https://www.instantcheckmate.com/results/?firstNam...
2025-12-18 03:26:13,677 - ERROR - Ошибка инициализации драйвера: Message: Unable to obtain driver for firefox; For documentation on this error, please visit: https://www.selenium.dev/documentation/webdriver/troubleshooting/errors/driver_location

2025-12-18 03:26:13,677 - ERROR - Критическая ошибка: Message: Unable to obtain driver for firefox; For documentation on this error, please visit: https://www.selenium.dev/documentation/webdriver/troubleshooting/errors/driver_location

2025-12-18 03:26:15,827 - INFO - Шаблон URL загружен: https://www.instantcheckmate.com/results/?firstNam...
2025-12-18 03:26:22,311 - ERROR - Ошибка инициализации драйвера: Message: Unrecognised option moz:loggingPrefs

2025-12-18 03:26:22,312 - ERROR - Критическая ошибка: Message: Unrecognised option moz:loggingPrefs

2025-12-18 03:26:24,503 - INFO - Шаблон URL загружен: https://www.instantcheckmate.com/results/?firstNam...
2025-12-18 03:26:24,537 - ERROR - Ошибка инициализации драйвера: Message: Unrecognised option moz:loggingPrefs

2025-12-18 03:26:24,537 - ERROR - Критическая ошибка: Message: Unrecognised option moz:loggingPrefs

2025-12-18 03:26:26,694 - INFO - Шаблон URL загружен: https://www.instantcheckmate.com/results/?firstNam...
2025-12-18 03:26:26,726 - ERROR - Ошибка инициализации драйвера: Message: Unrecognised option moz:loggingPrefs

2025-12-18 03:26:26,726 - ERROR - Критическая ошибка: Message: Unrecognised option moz:loggingPrefs

2025-12-18 03:26:28,874 - INFO - Шаблон URL загружен: https://www.instantcheckmate.com/results/?firstNam...
2025-12-18 03:26:28,917 - ERROR - Ошибка инициализации драйвера: Message: Unrecognised option moz:loggingPrefs

2025-12-18 03:26:28,918 - ERROR - Критическая ошибка: Message: Unrecognised option moz:loggingPrefs

2025-12-18 03:26:31,074 - INFO - Шаблон URL загружен: https://www.instantcheckmate.com/results/?firstNam...
2025-12-18 03:26:31,106 - ERROR - Ошибка инициализации драйвера: Message: Unrecognised option moz:loggingPrefs

2025-12-18 03:26:31,106 - ERROR - Критическая ошибка: Message: Unrecognised option moz:loggingPrefs

2025-12-18 03:26:33,256 - INFO - Шаблон URL загружен: https://www.instantcheckmate.com/results/?firstNam...
2025-12-18 03:26:33,288 - ERROR - Ошибка инициализации драйвера: Message: Unrecognised option moz:loggingPrefs

2025-12-18 03:26:33,288 - ERROR - Критическая ошибка: Message: Unrecognised option moz:loggingPrefs

2025-12-18 03:26:35,441 - INFO - Шаблон URL загружен: https://www.instantcheckmate.com/results/?firstNam...
2025-12-18 03:26:35,472 - ERROR - Ошибка инициализации драйвера: Message: Unrecognised option moz:loggingPrefs

2025-12-18 03:26:35,472 - ERROR - Критическая ошибка: Message: Unrecognised option moz:loggingPrefs

2025-12-18 03:26:37,616 - INFO - Шаблон URL загружен: https://www.instantcheckmate.com/results/?firstNam...
2025-12-18 03:26:37,648 - ERROR - Ошибка инициализации драйвера: Message: Unrecognised option moz:loggingPrefs

2025-12-18 03:26:37,648 - ERROR - Критическая ошибка: Message: Unrecognised option moz:loggingPrefs

2025-12-18 03:26:39,801 - INFO - Шаблон URL загружен: https://www.instantcheckmate.com/results/?firstNam...
2025-12-18 03:26:39,831 - ERROR - Ошибка инициализации драйвера: Message: Unrecognised option moz:loggingPrefs

2025-12-18 03:26:39,831 - ERROR - Критическая ошибка: Message: Unrecognised option moz:loggingPrefs

2025-12-18 03:26:41,970 - INFO - Шаблон URL загружен: https://www.instantcheckmate.com/results/?firstNam...
2025-12-18 03:26:42,002 - ERROR - Ошибка инициализации драйвера: Message: Unrecognised option moz:loggingPrefs

2025-12-18 03:26:42,002 - ERROR - Критическая ошибка: Message: Unrecognised option moz:loggingPrefs

2025-12-18 03:26:44,166 - INFO - Шаблон URL загружен: https://www.instantcheckmate.com/results/?firstNam...
2025-12-18 03:26:44,199 - ERROR - Ошибка инициализации драйвера: Message: Unrecognised option moz:loggingPrefs

2025-12-18 03:26:44,199 - ERROR - Критическая ошибка: Message: Unrecognised option moz:loggingPrefs

2025-12-18 03:26:46,352 - INFO - Шаблон URL загружен: https://www.instantcheckmate.com/results/?firstNam...
2025-12-18 03:26:46,384 - ERROR - Ошибка инициализации драйвера: Message: Unrecognised option moz:loggingPrefs

2025-12-18 03:26:46,384 - ERROR - Критическая ошибка: Message: Unrecognised option moz:loggingPrefs

2025-12-18 03:26:48,530 - INFO - Шаблон URL загружен: https://www.instantcheckmate.com/results/?firstNam...
2025-12-18 03:26:48,562 - ERROR - Ошибка инициализации драйвера: Message: Unrecognised option moz:loggingPrefs

2025-12-18 03:26:48,562 - ERROR - Критическая ошибка: Message: Unrecognised option moz:loggingPrefs

2025-12-18 03:26:50,717 - INFO - Шаблон URL загружен: https://www.instantcheckmate.com/results/?firstNam...
2025-12-18 03:26:50,750 - ERROR - Ошибка инициализации драйвера: Message: Unrecognised option moz:loggingPrefs

2025-12-18 03:26:50,751 - ERROR - Критическая ошибка: Message: Unrecognised option moz:loggingPrefs

2025-12-18 03:26:52,902 - INFO - Шаблон URL загружен: https://www.instantcheckmate.com/results/?firstNam...
2025-12-18 03:26:52,934 - ERROR - Ошибка инициализации драйвера: Message: Unrecognised option moz:loggingPrefs

2025-12-18 03:26:52,935 - ERROR - Критическая ошибка: Message: Unrecognised option moz:loggingPrefs

2025-12-18 03:26:55,080 - INFO - Шаблон URL загружен: https://www.instantcheckmate.com/results/?firstNam...
2025-12-18 03:26:55,112 - ERROR - Ошибка инициализации драйвера: Message: Unrecognised option moz:loggingPrefs

2025-12-18 03:26:55,112 - ERROR - Критическая ошибка: Message: Unrecognised option moz:loggingPrefs

2025-12-18 03:26:57,261 - INFO - Шаблон URL загружен: https://www.instantcheckmate.com/results/?firstNam...
2025-12-18 03:26:57,292 - ERROR - Ошибка инициализации драйвера: Message: Unrecognised option moz:loggingPrefs

2025-12-18 03:26:57,293 - ERROR - Критическая ошибка: Message: Unrecognised option moz:loggingPrefs

2025-12-18 03:26:59,437 - INFO - Шаблон URL загружен: https://www.instantcheckmate.com/results/?firstNam...
2025-12-18 03:26:59,469 - ERROR - Ошибка инициализации драйвера: Message: Unrecognised option moz:loggingPrefs

2025-12-18 03:26:59,469 - ERROR - Критическая ошибка: Message: Unrecognised option moz:loggingPrefs

2025-12-18 03:27:01,616 - INFO - Шаблон URL загружен: https://www.instantcheckmate.com/results/?firstNam...
2025-12-18 03:27:01,647 - ERROR - Ошибка инициализации драйвера: Message: Unrecognised option moz:loggingPrefs

2025-12-18 03:27:01,647 - ERROR - Критическая ошибка: Message: Unrecognised option moz:loggingPrefs

2025-12-18 03:27:15,182 - INFO - Шаблон URL загружен: https://www.instantcheckmate.com/results/?firstNam...
2025-12-18 03:27:15,182 - INFO - ====== WebDriver manager ======
2025-12-18 03:27:15,190 - INFO - Get LATEST geckodriver version for None firefox
2025-12-18 03:27:15,229 - INFO - Getting latest mozilla release info for v0.36.0
2025-12-18 03:27:15,330 - INFO - About to download new driver from https://github.com/mozilla/geckodriver/releases/download/v0.36.0/geckodriver-v0.36.0-linux64.tar.gz
2025-12-18 03:27:15,465 - INFO - Driver downloading response is 200
2025-12-18 03:27:15,515 - INFO - Get LATEST geckodriver version for None firefox
2025-12-18 03:27:15,609 - INFO - Get LATEST geckodriver version for None firefox
2025-12-18 03:27:15,648 - INFO - Driver has been saved in cache [/home/ubuntu/.wdm/drivers/geckodriver/linux64/v0.36.0]
2025-12-18 03:27:15,680 - ERROR - Ошибка инициализации драйвера: Message: Expected browser binary location, but unable to find binary in default location, no 'moz:firefoxOptions.binary' capability provided, and no binary flag set on the command line; For documentation on this error, please visit: https://www.selenium.dev/documentation/webdriver/troubleshooting/errors#sessionnotcreatedexception

2025-12-18 03:27:15,680 - ERROR - Критическая ошибка: Message: Expected browser binary location, but unable to find binary in default location, no 'moz:firefoxOptions.binary' capability provided, and no binary flag set on the command line; For documentation on this error, please visit: https://www.selenium.dev/documentation/webdriver/troubleshooting/errors#sessionnotcreatedexception

2025-12-18 03:27:17,856 - INFO - Шаблон URL загружен: https://www.instantcheckmate.com/results/?firstNam...
2025-12-18 03:27:17,856 - INFO - ====== WebDriver manager ======
2025-12-18 03:27:17,865 - INFO - Get LATEST geckodriver version for None firefox
2025-12-18 03:27:17,902 - INFO - Getting latest mozilla release info for v0.36.0
2025-12-18 03:27:18,005 - INFO - About to download new driver from https://github.com/mozilla/geckodriver/releases/download/v0.36.0/geckodriver-v0.36.0-linux64.tar.gz
2025-12-18 03:27:18,086 - INFO - Driver downloading response is 200
2025-12-18 03:27:18,157 - INFO - Get LATEST geckodriver version for None firefox
2025-12-18 03:27:18,332 - INFO - Get LATEST geckodriver version for None firefox
2025-12-18 03:27:18,383 - INFO - Driver has been saved in cache [/home/ubuntu/.wdm/drivers/geckodriver/linux64/v0.36.0]
2025-12-18 03:27:18,416 - ERROR - Ошибка инициализации драйвера: Message: Expected browser binary location, but unable to find binary in default location, no 'moz:firefoxOptions.binary' capability provided, and no binary flag set on the command line; For documentation on this error, please visit: https://www.selenium.dev/documentation/webdriver/troubleshooting/errors#sessionnotcreatedexception

2025-12-18 03:27:18,417 - ERROR - Критическая ошибка: Message: Expected browser binary location, but unable to find binary in default location, no 'moz:firefoxOptions.binary' capability provided, and no binary flag set on the command line; For documentation on this error, please visit: https://www.selenium.dev/documentation/webdriver/troubleshooting/errors#sessionnotcreatedexception

2025-12-18 03:27:20,591 - INFO - Шаблон URL загружен: https://www.instantcheckmate.com/results/?firstNam...
2025-12-18 03:27:20,591 - INFO - ====== WebDriver manager ======
2025-12-18 03:27:20,599 - INFO - Get LATEST geckodriver version for None firefox
2025-12-18 03:27:20,635 - INFO - Getting latest mozilla release info for v0.36.0
2025-12-18 03:27:20,727 - INFO - About to download new driver from https://github.com/mozilla/geckodriver/releases/download/v0.36.0/geckodriver-v0.36.0-linux64.tar.gz
2025-12-18 03:27:20,800 - INFO - Driver downloading response is 200
2025-12-18 03:27:20,873 - INFO - Get LATEST geckodriver version for None firefox
2025-12-18 03:27:21,048 - INFO - Get LATEST geckodriver version for None firefox
2025-12-18 03:27:21,086 - INFO - Driver has been saved in cache [/home/ubuntu/.wdm/drivers/geckodriver/linux64/v0.36.0]
2025-12-18 03:27:21,118 - ERROR - Ошибка инициализации драйвера: Message: Expected browser binary location, but unable to find binary in default location, no 'moz:firefoxOptions.binary' capability provided, and no binary flag set on the command line; For documentation on this error, please visit: https://www.selenium.dev/documentation/webdriver/troubleshooting/errors#sessionnotcreatedexception

2025-12-18 03:27:21,118 - ERROR - Критическая ошибка: Message: Expected browser binary location, but unable to find binary in default location, no 'moz:firefoxOptions.binary' capability provided, and no binary flag set on the command line; For documentation on this error, please visit: https://www.selenium.dev/documentation/webdriver/troubleshooting/errors#sessionnotcreatedexception

2025-12-18 03:27:23,278 - INFO - Шаблон URL загружен: https://www.instantcheckmate.com/results/?firstNam...
2025-12-18 03:27:23,278 - INFO - ====== WebDriver manager ======
2025-12-18 03:27:23,285 - INFO - Get LATEST geckodriver version for None firefox
2025-12-18 03:27:23,324 - INFO - Getting latest mozilla release info for v0.36.0
2025-12-18 03:27:23,361 - INFO - About to download new driver from https://github.com/mozilla/geckodriver/releases/download/v0.36.0/geckodriver-v0.36.0-linux64.tar.gz
2025-12-18 03:27:23,433 - INFO - Driver downloading response is 200
2025-12-18 03:27:23,506 - INFO - Get LATEST geckodriver version for None firefox
2025-12-18 03:27:23,683 - INFO - Get LATEST geckodriver version for None firefox
2025-12-18 03:27:23,785 - INFO - Driver has been saved in cache [/home/ubuntu/.wdm/drivers/geckodriver/linux64/v0.36.0]
2025-12-18 03:27:23,815 - ERROR - Ошибка инициализации драйвера: Message: Expected browser binary location, but unable to find binary in default location, no 'moz:firefoxOptions.binary' capability provided, and no binary flag set on the command line; For documentation on this error, please visit: https://www.selenium.dev/documentation/webdriver/troubleshooting/errors#sessionnotcreatedexception

2025-12-18 03:27:23,815 - ERROR - Критическая ошибка: Message: Expected browser binary location, but unable to find binary in default location, no 'moz:firefoxOptions.binary' capability provided, and no binary flag set on the command line; For documentation on this error, please visit: https://www.selenium.dev/documentation/webdriver/troubleshooting/errors#sessionnotcreatedexception

2025-12-18 03:27:25,974 - INFO - Шаблон URL загружен: https://www.instantcheckmate.com/results/?firstNam...
2025-12-18 03:27:25,974 - INFO - ====== WebDriver manager ======
2025-12-18 03:27:25,981 - INFO - Get LATEST geckodriver version for None firefox
2025-12-18 03:27:26,018 - INFO - Getting latest mozilla release info for v0.36.0
2025-12-18 03:27:26,053 - INFO - About to download new driver from https://github.com/mozilla/geckodriver/releases/download/v0.36.0/geckodriver-v0.36.0-linux64.tar.gz
2025-12-18 03:27:26,120 - INFO - Driver downloading response is 200
2025-12-18 03:27:26,188 - INFO - Get LATEST geckodriver version for None firefox
2025-12-18 03:27:26,389 - INFO - Get LATEST geckodriver version for None firefox
2025-12-18 03:27:26,429 - INFO - Driver has been saved in cache [/home/ubuntu/.wdm/drivers/geckodriver/linux64/v0.36.0]
2025-12-18 03:27:26,461 - ERROR - Ошибка инициализации драйвера: Message: Expected browser binary location, but unable to find binary in default location, no 'moz:firefoxOptions.binary' capability provided, and no binary flag set on the command line; For documentation on this error, please visit: https://www.selenium.dev/documentation/webdriver/troubleshooting/errors#sessionnotcreatedexception

2025-12-18 03:27:26,461 - ERROR - Критическая ошибка: Message: Expected browser binary location, but unable to find binary in default location, no 'moz:firefoxOptions.binary' capability provided, and no binary flag set on the command line; For documentation on this error, please visit: https://www.selenium.dev/documentation/webdriver/troubleshooting/errors#sessionnotcreatedexception

2025-12-18 03:27:28,617 - INFO - Шаблон URL загружен: https://www.instantcheckmate.com/results/?firstNam...
2025-12-18 03:27:28,617 - INFO - ====== WebDriver manager ======
2025-12-18 03:27:28,624 - INFO - Get LATEST geckodriver version for None firefox
2025-12-18 03:27:28,661 - INFO - Getting latest mozilla release info for v0.36.0
2025-12-18 03:27:28,747 - INFO - About to download new driver from https://github.com/mozilla/geckodriver/releases/download/v0.36.0/geckodriver-v0.36.0-linux64.tar.gz
2025-12-18 03:27:28,816 - INFO - Driver downloading response is 200
2025-12-18 03:27:28,874 - INFO - Get LATEST geckodriver version for None firefox
2025-12-18 03:27:28,977 - INFO - Get LATEST geckodriver version for None firefox
2025-12-18 03:27:29,018 - INFO - Driver has been saved in cache [/home/ubuntu/.wdm/drivers/geckodriver/linux64/v0.36.0]
2025-12-18 03:27:29,049 - ERROR - Ошибка инициализации драйвера: Message: Expected browser binary location, but unable to find binary in default location, no 'moz:firefoxOptions.binary' capability provided, and no binary flag set on the command line; For documentation on this error, please visit: https://www.selenium.dev/documentation/webdriver/troubleshooting/errors#sessionnotcreatedexception

2025-12-18 03:27:29,049 - ERROR - Критическая ошибка: Message: Expected browser binary location, but unable to find binary in default location, no 'moz:firefoxOptions.binary' capability provided, and no binary flag set on the command line; For documentation on this error, please visit: https://www.selenium.dev/documentation/webdriver/troubleshooting/errors#sessionnotcreatedexception

2025-12-18 03:27:31,207 - INFO - Шаблон URL загружен: https://www.instantcheckmate.com/results/?firstNam...
2025-12-18 03:27:31,207 - INFO - ====== WebDriver manager ======
2025-12-18 03:27:31,215 - INFO - Get LATEST geckodriver version for None firefox
2025-12-18 03:27:31,253 - INFO - Getting latest mozilla release info for v0.36.0
2025-12-18 03:27:31,299 - INFO - About to download new driver from https://github.com/mozilla/geckodriver/releases/download/v0.36.0/geckodriver-v0.36.0-linux64.tar.gz
2025-12-18 03:27:31,368 - INFO - Driver downloading response is 200
2025-12-18 03:27:31,435 - INFO - Get LATEST geckodriver version for None firefox
2025-12-18 03:27:31,544 - INFO - Get LATEST geckodriver version for None firefox
2025-12-18 03:27:31,586 - INFO - Driver has been saved in cache [/home/ubuntu/.wdm/drivers/geckodriver/linux64/v0.36.0]
2025-12-18 03:27:31,617 - ERROR - Ошибка инициализации драйвера: Message: Expected browser binary location, but unable to find binary in default location, no 'moz:firefoxOptions.binary' capability provided, and no binary flag set on the command line; For documentation on this error, please visit: https://www.selenium.dev/documentation/webdriver/troubleshooting/errors#sessionnotcreatedexception

2025-12-18 03:27:31,617 - ERROR - Критическая ошибка: Message: Expected browser binary location, but unable to find binary in default location, no 'moz:firefoxOptions.binary' capability provided, and no binary flag set on the command line; For documentation on this error, please visit: https://www.selenium.dev/documentation/webdriver/troubleshooting/errors#sessionnotcreatedexception

2025-12-18 03:27:33,775 - INFO - Шаблон URL загружен: https://www.instantcheckmate.com/results/?firstNam...
2025-12-18 03:27:33,775 - INFO - ====== WebDriver manager ======
2025-12-18 03:27:33,783 - INFO - Get LATEST geckodriver version for None firefox
2025-12-18 03:27:33,888 - INFO - Getting latest mozilla release info for v0.36.0
2025-12-18 03:27:33,925 - INFO - About to download new driver from https://github.com/mozilla/geckodriver/releases/download/v0.36.0/geckodriver-v0.36.0-linux64.tar.gz
2025-12-18 03:27:33,995 - INFO - Driver downloading response is 200
2025-12-18 03:27:34,063 - INFO - Get LATEST geckodriver version for None firefox
2025-12-18 03:27:34,166 - INFO - Get LATEST geckodriver version for None firefox
2025-12-18 03:27:34,268 - INFO - Driver has been saved in cache [/home/ubuntu/.wdm/drivers/geckodriver/linux64/v0.36.0]
2025-12-18 03:27:34,299 - ERROR - Ошибка инициализации драйвера: Message: Expected browser binary location, but unable to find binary in default location, no 'moz:firefoxOptions.binary' capability provided, and no binary flag set on the command line; For documentation on this error, please visit: https://www.selenium.dev/documentation/webdriver/troubleshooting/errors#sessionnotcreatedexception

2025-12-18 03:27:34,299 - ERROR - Критическая ошибка: Message: Expected browser binary location, but unable to find binary in default location, no 'moz:firefoxOptions.binary' capability provided, and no binary flag set on the command line; For documentation on this error, please visit: https://www.selenium.dev/documentation/webdriver/troubleshooting/errors#sessionnotcreatedexception

2025-12-18 03:27:36,463 - INFO - Шаблон URL загружен: https://www.instantcheckmate.com/results/?firstNam...
2025-12-18 03:27:36,463 - INFO - ====== WebDriver manager ======
2025-12-18 03:27:36,472 - INFO - Get LATEST geckodriver version for None firefox
2025-12-18 03:27:36,509 - INFO - Getting latest mozilla release info for v0.36.0
2025-12-18 03:27:36,545 - INFO - About to download new driver from https://github.com/mozilla/geckodriver/releases/download/v0.36.0/geckodriver-v0.36.0-linux64.tar.gz
2025-12-18 03:27:36,619 - INFO - Driver downloading response is 200
2025-12-18 03:27:36,684 - INFO - Get LATEST geckodriver version for None firefox
2025-12-18 03:27:36,794 - INFO - Get LATEST geckodriver version for None firefox
2025-12-18 03:27:36,833 - INFO - Driver has been saved in cache [/home/ubuntu/.wdm/drivers/geckodriver/linux64/v0.36.0]
2025-12-18 03:27:36,863 - ERROR - Ошибка инициализации драйвера: Message: Expected browser binary location, but unable to find binary in default location, no 'moz:firefoxOptions.binary' capability provided, and no binary flag set on the command line; For documentation on this error, please visit: https://www.selenium.dev/documentation/webdriver/troubleshooting/errors#sessionnotcreatedexception

2025-12-18 03:27:36,863 - ERROR - Критическая ошибка: Message: Expected browser binary location, but unable to find binary in default location, no 'moz:firefoxOptions.binary' capability provided, and no binary flag set on the command line; For documentation on this error, please visit: https://www.selenium.dev/documentation/webdriver/troubleshooting/errors#sessionnotcreatedexception

2025-12-18 03:27:39,022 - INFO - Шаблон URL загружен: https://www.instantcheckmate.com/results/?firstNam...
2025-12-18 03:27:39,022 - INFO - ====== WebDriver manager ======
2025-12-18 03:27:39,030 - INFO - Get LATEST geckodriver version for None firefox
2025-12-18 03:27:39,124 - INFO - Getting latest mozilla release info for v0.36.0
2025-12-18 03:27:39,229 - INFO - About to download new driver from https://github.com/mozilla/geckodriver/releases/download/v0.36.0/geckodriver-v0.36.0-linux64.tar.gz
2025-12-18 03:27:39,305 - INFO - Driver downloading response is 200
2025-12-18 03:27:39,370 - INFO - Get LATEST geckodriver version for None firefox
2025-12-18 03:27:39,471 - INFO - Get LATEST geckodriver version for None firefox
2025-12-18 03:27:39,510 - INFO - Driver has been saved in cache [/home/ubuntu/.wdm/drivers/geckodriver/linux64/v0.36.0]
2025-12-18 03:27:39,542 - ERROR - Ошибка инициализации драйвера: Message: Expected browser binary location, but unable to find binary in default location, no 'moz:firefoxOptions.binary' capability provided, and no binary flag set on the command line; For documentation on this error, please visit: https://www.selenium.dev/documentation/webdriver/troubleshooting/errors#sessionnotcreatedexception

2025-12-18 03:27:39,542 - ERROR - Критическая ошибка: Message: Expected browser binary location, but unable to find binary in default location, no 'moz:firefoxOptions.binary' capability provided, and no binary flag set on the command line; For documentation on this error, please visit: https://www.selenium.dev/documentation/webdriver/troubleshooting/errors#sessionnotcreatedexception

2025-12-18 03:27:41,701 - INFO - Шаблон URL загружен: https://www.instantcheckmate.com/results/?firstNam...
2025-12-18 03:27:41,701 - INFO - ====== WebDriver manager ======
2025-12-18 03:27:41,709 - INFO - Get LATEST geckodriver version for None firefox
2025-12-18 03:27:41,816 - INFO - Getting latest mozilla release info for v0.36.0
2025-12-18 03:27:41,937 - INFO - About to download new driver from https://github.com/mozilla/geckodriver/releases/download/v0.36.0/geckodriver-v0.36.0-linux64.tar.gz
2025-12-18 03:27:42,008 - INFO - Driver downloading response is 200
2025-12-18 03:27:42,077 - INFO - Get LATEST geckodriver version for None firefox
2025-12-18 03:27:42,181 - INFO - Get LATEST geckodriver version for None firefox
2025-12-18 03:27:42,276 - INFO - Driver has been saved in cache [/home/ubuntu/.wdm/drivers/geckodriver/linux64/v0.36.0]
2025-12-18 03:27:42,307 - ERROR - Ошибка инициализации драйвера: Message: Expected browser binary location, but unable to find binary in default location, no 'moz:firefoxOptions.binary' capability provided, and no binary flag set on the command line; For documentation on this error, please visit: https://www.selenium.dev/documentation/webdriver/troubleshooting/errors#sessionnotcreatedexception

2025-12-18 03:27:42,307 - ERROR - Критическая ошибка: Message: Expected browser binary location, but unable to find binary in default location, no 'moz:firefoxOptions.binary' capability provided, and no binary flag set on the command line; For documentation on this error, please visit: https://www.selenium.dev/documentation/webdriver/troubleshooting/errors#sessionnotcreatedexception

2025-12-18 03:27:44,472 - INFO - Шаблон URL загружен: https://www.instantcheckmate.com/results/?firstNam...
2025-12-18 03:27:44,472 - INFO - ====== WebDriver manager ======
2025-12-18 03:27:44,480 - INFO - Get LATEST geckodriver version for None firefox
2025-12-18 03:27:44,519 - INFO - Getting latest mozilla release info for v0.36.0
2025-12-18 03:27:44,606 - INFO - About to download new driver from https://github.com/mozilla/geckodriver/releases/download/v0.36.0/geckodriver-v0.36.0-linux64.tar.gz
2025-12-18 03:27:44,686 - INFO - Driver downloading response is 200
2025-12-18 03:27:44,761 - INFO - Get LATEST geckodriver version for None firefox
2025-12-18 03:27:44,922 - INFO - Get LATEST geckodriver version for None firefox
2025-12-18 03:27:45,036 - INFO - Driver has been saved in cache [/home/ubuntu/.wdm/drivers/geckodriver/linux64/v0.36.0]
2025-12-18 03:27:45,067 - ERROR - Ошибка инициализации драйвера: Message: Expected browser binary location, but unable to find binary in default location, no 'moz:firefoxOptions.binary' capability provided, and no binary flag set on the command line; For documentation on this error, please visit: https://www.selenium.dev/documentation/webdriver/troubleshooting/errors#sessionnotcreatedexception

2025-12-18 03:27:45,067 - ERROR - Критическая ошибка: Message: Expected browser binary location, but unable to find binary in default location, no 'moz:firefoxOptions.binary' capability provided, and no binary flag set on the command line; For documentation on this error, please visit: https://www.selenium.dev/documentation/webdriver/troubleshooting/errors#sessionnotcreatedexception

2025-12-18 03:27:47,226 - INFO - Шаблон URL загружен: https://www.instantcheckmate.com/results/?firstNam...
2025-12-18 03:27:47,227 - INFO - ====== WebDriver manager ======
2025-12-18 03:27:47,234 - INFO - Get LATEST geckodriver version for None firefox
2025-12-18 03:27:47,339 - INFO - Getting latest mozilla release info for v0.36.0
2025-12-18 03:27:47,431 - INFO - About to download new driver from https://github.com/mozilla/geckodriver/releases/download/v0.36.0/geckodriver-v0.36.0-linux64.tar.gz
2025-12-18 03:27:47,576 - INFO - Driver downloading response is 200
2025-12-18 03:27:47,651 - INFO - Get LATEST geckodriver version for None firefox
2025-12-18 03:27:47,820 - INFO - Get LATEST geckodriver version for None firefox
2025-12-18 03:27:47,862 - INFO - Driver has been saved in cache [/home/ubuntu/.wdm/drivers/geckodriver/linux64/v0.36.0]
2025-12-18 03:27:47,894 - ERROR - Ошибка инициализации драйвера: Message: Expected browser binary location, but unable to find binary in default location, no 'moz:firefoxOptions.binary' capability provided, and no binary flag set on the command line; For documentation on this error, please visit: https://www.selenium.dev/documentation/webdriver/troubleshooting/errors#sessionnotcreatedexception

2025-12-18 03:27:47,894 - ERROR - Критическая ошибка: Message: Expected browser binary location, but unable to find binary in default location, no 'moz:firefoxOptions.binary' capability provided, and no binary flag set on the command line; For documentation on this error, please visit: https://www.selenium.dev/documentation/webdriver/troubleshooting/errors#sessionnotcreatedexception

2025-12-18 03:27:50,052 - INFO - Шаблон URL загружен: https://www.instantcheckmate.com/results/?firstNam...
2025-12-18 03:27:50,052 - INFO - ====== WebDriver manager ======
2025-12-18 03:27:50,059 - INFO - Get LATEST geckodriver version for None firefox
2025-12-18 03:27:50,097 - INFO - Getting latest mozilla release info for v0.36.0
2025-12-18 03:27:50,225 - INFO - About to download new driver from https://github.com/mozilla/geckodriver/releases/download/v0.36.0/geckodriver-v0.36.0-linux64.tar.gz
2025-12-18 03:27:50,295 - INFO - Driver downloading response is 200
2025-12-18 03:27:50,360 - INFO - Get LATEST geckodriver version for None firefox
2025-12-18 03:27:50,473 - INFO - Get LATEST geckodriver version for None firefox
2025-12-18 03:27:50,575 - INFO - Driver has been saved in cache [/home/ubuntu/.wdm/drivers/geckodriver/linux64/v0.36.0]
2025-12-18 03:27:50,606 - ERROR - Ошибка инициализации драйвера: Message: Expected browser binary location, but unable to find binary in default location, no 'moz:firefoxOptions.binary' capability provided, and no binary flag set on the command line; For documentation on this error, please visit: https://www.selenium.dev/documentation/webdriver/troubleshooting/errors#sessionnotcreatedexception

2025-12-18 03:27:50,606 - ERROR - Критическая ошибка: Message: Expected browser binary location, but unable to find binary in default location, no 'moz:firefoxOptions.binary' capability provided, and no binary flag set on the command line; For documentation on this error, please visit: https://www.selenium.dev/documentation/webdriver/troubleshooting/errors#sessionnotcreatedexception

2025-12-18 03:27:52,773 - INFO - Шаблон URL загружен: https://www.instantcheckmate.com/results/?firstNam...
2025-12-18 03:27:52,773 - INFO - ====== WebDriver manager ======
2025-12-18 03:27:52,781 - INFO - Get LATEST geckodriver version for None firefox
2025-12-18 03:27:52,878 - INFO - Getting latest mozilla release info for v0.36.0
2025-12-18 03:27:52,915 - INFO - About to download new driver from https://github.com/mozilla/geckodriver/releases/download/v0.36.0/geckodriver-v0.36.0-linux64.tar.gz
2025-12-18 03:27:52,985 - INFO - Driver downloading response is 200
2025-12-18 03:27:53,046 - INFO - Get LATEST geckodriver version for None firefox
2025-12-18 03:27:53,218 - INFO - Get LATEST geckodriver version for None firefox
2025-12-18 03:27:53,261 - INFO - Driver has been saved in cache [/home/ubuntu/.wdm/drivers/geckodriver/linux64/v0.36.0]
2025-12-18 03:27:53,291 - ERROR - Ошибка инициализации драйвера: Message: Expected browser binary location, but unable to find binary in default location, no 'moz:firefoxOptions.binary' capability provided, and no binary flag set on the command line; For documentation on this error, please visit: https://www.selenium.dev/documentation/webdriver/troubleshooting/errors#sessionnotcreatedexception

2025-12-18 03:27:53,291 - ERROR - Критическая ошибка: Message: Expected browser binary location, but unable to find binary in default location, no 'moz:firefoxOptions.binary' capability provided, and no binary flag set on the command line; For documentation on this error, please visit: https://www.selenium.dev/documentation/webdriver/troubleshooting/errors#sessionnotcreatedexception

2025-12-18 03:27:55,464 - INFO - Шаблон URL загружен: https://www.instantcheckmate.com/results/?firstNam...
2025-12-18 03:27:55,464 - INFO - ====== WebDriver manager ======
2025-12-18 03:27:55,470 - INFO - Get LATEST geckodriver version for None firefox
2025-12-18 03:27:55,515 - INFO - Getting latest mozilla release info for v0.36.0
2025-12-18 03:27:55,631 - INFO - About to download new driver from https://github.com/mozilla/geckodriver/releases/download/v0.36.0/geckodriver-v0.36.0-linux64.tar.gz
2025-12-18 03:27:55,712 - INFO - Driver downloading response is 200
2025-12-18 03:27:55,787 - INFO - Get LATEST geckodriver version for None firefox
2025-12-18 03:27:55,892 - INFO - Get LATEST geckodriver version for None firefox
2025-12-18 03:27:55,932 - INFO - Driver has been saved in cache [/home/ubuntu/.wdm/drivers/geckodriver/linux64/v0.36.0]
2025-12-18 03:27:55,963 - ERROR - Ошибка инициализации драйвера: Message: Expected browser binary location, but unable to find binary in default location, no 'moz:firefoxOptions.binary' capability provided, and no binary flag set on the command line; For documentation on this error, please visit: https://www.selenium.dev/documentation/webdriver/troubleshooting/errors#sessionnotcreatedexception

2025-12-18 03:27:55,963 - ERROR - Критическая ошибка: Message: Expected browser binary location, but unable to find binary in default location, no 'moz:firefoxOptions.binary' capability provided, and no binary flag set on the command line; For documentation on this error, please visit: https://www.selenium.dev/documentation/webdriver/troubleshooting/errors#sessionnotcreatedexception

2025-12-18 03:27:58,123 - INFO - Шаблон URL загружен: https://www.instantcheckmate.com/results/?firstNam...
2025-12-18 03:27:58,123 - INFO - ====== WebDriver manager ======
2025-12-18 03:27:58,130 - INFO - Get LATEST geckodriver version for None firefox
2025-12-18 03:27:58,168 - INFO - Getting latest mozilla release info for v0.36.0
2025-12-18 03:27:58,258 - INFO - About to download new driver from https://github.com/mozilla/geckodriver/releases/download/v0.36.0/geckodriver-v0.36.0-linux64.tar.gz
2025-12-18 03:27:58,416 - INFO - Driver downloading response is 200
2025-12-18 03:27:58,489 - INFO - Get LATEST geckodriver version for None firefox
2025-12-18 03:27:58,594 - INFO - Get LATEST geckodriver version for None firefox
2025-12-18 03:27:58,633 - INFO - Driver has been saved in cache [/home/ubuntu/.wdm/drivers/geckodriver/linux64/v0.36.0]
2025-12-18 03:27:58,665 - ERROR - Ошибка инициализации драйвера: Message: Expected browser binary location, but unable to find binary in default location, no 'moz:firefoxOptions.binary' capability provided, and no binary flag set on the command line; For documentation on this error, please visit: https://www.selenium.dev/documentation/webdriver/troubleshooting/errors#sessionnotcreatedexception

2025-12-18 03:27:58,665 - ERROR - Критическая ошибка: Message: Expected browser binary location, but unable to find binary in default location, no 'moz:firefoxOptions.binary' capability provided, and no binary flag set on the command line; For documentation on this error, please visit: https://www.selenium.dev/documentation/webdriver/troubleshooting/errors#sessionnotcreatedexception

2025-12-18 03:28:00,830 - INFO - Шаблон URL загружен: https://www.instantcheckmate.com/results/?firstNam...
2025-12-18 03:28:00,830 - INFO - ====== WebDriver manager ======
2025-12-18 03:28:00,837 - INFO - Get LATEST geckodriver version for None firefox
2025-12-18 03:28:00,874 - INFO - Getting latest mozilla release info for v0.36.0
2025-12-18 03:28:00,969 - INFO - About to download new driver from https://github.com/mozilla/geckodriver/releases/download/v0.36.0/geckodriver-v0.36.0-linux64.tar.gz
2025-12-18 03:28:01,038 - INFO - Driver downloading response is 200
2025-12-18 03:28:01,106 - INFO - Get LATEST geckodriver version for None firefox
2025-12-18 03:28:01,213 - INFO - Get LATEST geckodriver version for None firefox
2025-12-18 03:28:01,262 - INFO - Driver has been saved in cache [/home/ubuntu/.wdm/drivers/geckodriver/linux64/v0.36.0]
2025-12-18 03:28:01,293 - ERROR - Ошибка инициализации драйвера: Message: Expected browser binary location, but unable to find binary in default location, no 'moz:firefoxOptions.binary' capability provided, and no binary flag set on the command line; For documentation on this error, please visit: https://www.selenium.dev/documentation/webdriver/troubleshooting/errors#sessionnotcreatedexception

2025-12-18 03:28:01,293 - ERROR - Критическая ошибка: Message: Expected browser binary location, but unable to find binary in default location, no 'moz:firefoxOptions.binary' capability provided, and no binary flag set on the command line; For documentation on this error, please visit: https://www.selenium.dev/documentation/webdriver/troubleshooting/errors#sessionnotcreatedexception

2025-12-18 03:28:03,452 - INFO - Шаблон URL загружен: https://www.instantcheckmate.com/results/?firstNam...
2025-12-18 03:28:03,452 - INFO - ====== WebDriver manager ======
2025-12-18 03:28:03,460 - INFO - Get LATEST geckodriver version for None firefox
2025-12-18 03:28:03,507 - INFO - Getting latest mozilla release info for v0.36.0
2025-12-18 03:28:03,606 - INFO - About to download new driver from https://github.com/mozilla/geckodriver/releases/download/v0.36.0/geckodriver-v0.36.0-linux64.tar.gz
2025-12-18 03:28:03,677 - INFO - Driver downloading response is 200
2025-12-18 03:28:03,729 - INFO - Get LATEST geckodriver version for None firefox
2025-12-18 03:28:03,833 - INFO - Get LATEST geckodriver version for None firefox
2025-12-18 03:28:03,873 - INFO - Driver has been saved in cache [/home/ubuntu/.wdm/drivers/geckodriver/linux64/v0.36.0]
2025-12-18 03:28:03,905 - ERROR - Ошибка инициализации драйвера: Message: Expected browser binary location, but unable to find binary in default location, no 'moz:firefoxOptions.binary' capability provided, and no binary flag set on the command line; For documentation on this error, please visit: https://www.selenium.dev/documentation/webdriver/troubleshooting/errors#sessionnotcreatedexception

2025-12-18 03:28:03,905 - ERROR - Критическая ошибка: Message: Expected browser binary location, but unable to find binary in default location, no 'moz:firefoxOptions.binary' capability provided, and no binary flag set on the command line; For documentation on this error, please visit: https://www.selenium.dev/documentation/webdriver/troubleshooting/errors#sessionnotcreatedexception

2025-12-18 03:28:06,065 - INFO - Шаблон URL загружен: https://www.instantcheckmate.com/results/?firstNam...
2025-12-18 03:28:06,065 - INFO - ====== WebDriver manager ======
2025-12-18 03:28:06,073 - INFO - Get LATEST geckodriver version for None firefox
2025-12-18 03:28:06,109 - INFO - Getting latest mozilla release info for v0.36.0
2025-12-18 03:28:06,209 - INFO - About to download new driver from https://github.com/mozilla/geckodriver/releases/download/v0.36.0/geckodriver-v0.36.0-linux64.tar.gz
2025-12-18 03:28:06,281 - INFO - Driver downloading response is 200
2025-12-18 03:28:06,357 - INFO - Get LATEST geckodriver version for None firefox
2025-12-18 03:28:06,461 - INFO - Get LATEST geckodriver version for None firefox
2025-12-18 03:28:06,565 - INFO - Driver has been saved in cache [/home/ubuntu/.wdm/drivers/geckodriver/linux64/v0.36.0]
2025-12-18 03:28:06,595 - ERROR - Ошибка инициализации драйвера: Message: Expected browser binary location, but unable to find binary in default location, no 'moz:firefoxOptions.binary' capability provided, and no binary flag set on the command line; For documentation on this error, please visit: https://www.selenium.dev/documentation/webdriver/troubleshooting/errors#sessionnotcreatedexception

2025-12-18 03:28:06,595 - ERROR - Критическая ошибка: Message: Expected browser binary location, but unable to find binary in default location, no 'moz:firefoxOptions.binary' capability provided, and no binary flag set on the command line; For documentation on this error, please visit: https://www.selenium.dev/documentation/webdriver/troubleshooting/errors#sessionnotcreatedexception

2025-12-18 03:28:08,764 - INFO - Шаблон URL загружен: https://www.instantcheckmate.com/results/?firstNam...
2025-12-18 03:28:08,765 - INFO - ====== WebDriver manager ======
2025-12-18 03:28:08,772 - INFO - Get LATEST geckodriver version for None firefox
2025-12-18 03:28:08,862 - INFO - Getting latest mozilla release info for v0.36.0
2025-12-18 03:28:08,899 - INFO - About to download new driver from https://github.com/mozilla/geckodriver/releases/download/v0.36.0/geckodriver-v0.36.0-linux64.tar.gz
2025-12-18 03:28:08,978 - INFO - Driver downloading response is 200
2025-12-18 03:28:09,029 - INFO - Get LATEST geckodriver version for None firefox
2025-12-18 03:28:09,133 - INFO - Get LATEST geckodriver version for None firefox
2025-12-18 03:28:09,261 - INFO - Driver has been saved in cache [/home/ubuntu/.wdm/drivers/geckodriver/linux64/v0.36.0]
2025-12-18 03:28:09,292 - ERROR - Ошибка инициализации драйвера: Message: Expected browser binary location, but unable to find binary in default location, no 'moz:firefoxOptions.binary' capability provided, and no binary flag set on the command line; For documentation on this error, please visit: https://www.selenium.dev/documentation/webdriver/troubleshooting/errors#sessionnotcreatedexception

2025-12-18 03:28:09,292 - ERROR - Критическая ошибка: Message: Expected browser binary location, but unable to find binary in default location, no 'moz:firefoxOptions.binary' capability provided, and no binary flag set on the command line; For documentation on this error, please visit: https://www.selenium.dev/documentation/webdriver/troubleshooting/errors#sessionnotcreatedexception

2025-12-18 03:28:14,089 - INFO - Шаблон URL загружен: https://www.instantcheckmate.com/results/?firstNam...
2025-12-18 03:28:14,089 - INFO - ====== WebDriver manager ======
2025-12-18 03:28:14,096 - INFO - Get LATEST geckodriver version for None firefox
2025-12-18 03:28:14,210 - INFO - Getting latest mozilla release info for v0.36.0
2025-12-18 03:28:14,313 - INFO - About to download new driver from https://github.com/mozilla/geckodriver/releases/download/v0.36.0/geckodriver-v0.36.0-linux64.tar.gz
2025-12-18 03:28:14,384 - INFO - Driver downloading response is 200
2025-12-18 03:28:14,458 - INFO - Get LATEST geckodriver version for None firefox
2025-12-18 03:28:14,564 - INFO - Get LATEST geckodriver version for None firefox
2025-12-18 03:28:14,606 - INFO - Driver has been saved in cache [/home/ubuntu/.wdm/drivers/geckodriver/linux64/v0.36.0]
2025-12-18 03:28:14,639 - ERROR - Ошибка инициализации драйвера: Message: Expected browser binary location, but unable to find binary in default location, no 'moz:firefoxOptions.binary' capability provided, and no binary flag set on the command line; For documentation on this error, please visit: https://www.selenium.dev/documentation/webdriver/troubleshooting/errors#sessionnotcreatedexception

2025-12-18 03:28:14,639 - ERROR - Критическая ошибка: Message: Expected browser binary location, but unable to find binary in default location, no 'moz:firefoxOptions.binary' capability provided, and no binary flag set on the command line; For documentation on this error, please visit: https://www.selenium.dev/documentation/webdriver/troubleshooting/errors#sessionnotcreatedexception

2025-12-18 03:28:24,486 - INFO - Шаблон URL загружен: https://www.instantcheckmate.com/results/?firstNam...
2025-12-18 03:28:24,486 - INFO - ====== WebDriver manager ======
2025-12-18 03:28:24,494 - INFO - Get LATEST geckodriver version for None firefox
2025-12-18 03:28:24,599 - INFO - Getting latest mozilla release info for v0.36.0
2025-12-18 03:28:24,699 - INFO - About to download new driver from https://github.com/mozilla/geckodriver/releases/download/v0.36.0/geckodriver-v0.36.0-linux64.tar.gz
2025-12-18 03:28:24,771 - INFO - Driver downloading response is 200
2025-12-18 03:28:24,825 - INFO - Get LATEST geckodriver version for None firefox
2025-12-18 03:28:24,933 - INFO - Get LATEST geckodriver version for None firefox
2025-12-18 03:28:24,973 - INFO - Driver has been saved in cache [/home/ubuntu/.wdm/drivers/geckodriver/linux64/v0.36.0]
2025-12-18 03:28:25,006 - WARNING - Firefox недоступен: Message: Expected browser binary location, but unable to find binary in default location, no 'moz:firefoxOptions.binary' capability provided, and no binary flag set on the command line; For documentation on this error, please visit: https://www.selenium.dev/documentation/webdriver/troubleshooting/errors#sessionnotcreatedexception

2025-12-18 03:28:25,006 - INFO - Пробуем использовать Chrome как запасной вариант...
2025-12-18 03:28:25,008 - INFO - ====== WebDriver manager ======
2025-12-18 03:28:25,083 - INFO - Get LATEST chromedriver version for google-chrome
2025-12-18 03:28:25,121 - INFO - Get LATEST chromedriver version for google-chrome
2025-12-18 03:28:25,159 - INFO - There is no [linux64] chromedriver "143.0.7499.146" for browser google-chrome "143.0.7499" in cache
2025-12-18 03:28:25,159 - INFO - Get LATEST chromedriver version for google-chrome
2025-12-18 03:28:25,267 - INFO - WebDriver version 143.0.7499.146 selected
2025-12-18 03:28:25,271 - INFO - Modern chrome version https://storage.googleapis.com/chrome-for-testing-public/143.0.7499.146/linux64/chromedriver-linux64.zip
2025-12-18 03:28:25,272 - INFO - About to download new driver from https://storage.googleapis.com/chrome-for-testing-public/143.0.7499.146/linux64/chromedriver-linux64.zip
2025-12-18 03:28:25,310 - INFO - Driver downloading response is 200
2025-12-18 03:28:25,358 - INFO - Get LATEST chromedriver version for google-chrome
2025-12-18 03:28:25,506 - INFO - Driver has been saved in cache [/home/ubuntu/.wdm/drivers/chromedriver/linux64/143.0.7499.146]
2025-12-18 03:28:25,630 - ERROR - Chrome также недоступен: Message: session not created: Chrome instance exited. Examine ChromeDriver verbose log to determine the cause.; For documentation on this error, please visit: https://www.selenium.dev/documentation/webdriver/troubleshooting/errors#sessionnotcreatedexception
Stacktrace:
#0 0x557117f6f9aa <unknown>
#1 0x5571179a42db <unknown>
#2 0x5571179de20a <unknown>
#3 0x5571179d9d63 <unknown>
#4 0x557117a2978c <unknown>
#5 0x557117a28eac <unknown>
#6 0x5571179e8112 <unknown>
#7 0x5571179e8dc1 <unknown>
#8 0x557117f38609 <unknown>
#9 0x557117f3b54d <unknown>
#10 0x557117f21331 <unknown>
#11 0x557117f3c11b <unknown>
#12 0x557117f07ff0 <unknown>
#13 0x557117f5cd98 <unknown>
#14 0x557117f5cf69 <unknown>
#15 0x557117f6ed03 <unknown>
#16 0x7fa66764baa4 <unknown>
#17 0x7fa6676d8c6c <unknown>

2025-12-18 03:28:25,630 - ERROR - Критическая ошибка: Не удалось инициализировать ни Firefox, ни Chrome. Установите один из браузеров.
2025-12-18 03:28:29,081 - INFO - Шаблон URL загружен: https://www.instantcheckmate.com/results/?firstNam...
2025-12-18 03:28:29,081 - INFO - ====== WebDriver manager ======
2025-12-18 03:28:29,088 - INFO - Get LATEST geckodriver version for None firefox
2025-12-18 03:28:29,188 - INFO - Getting latest mozilla release info for v0.36.0
2025-12-18 03:28:29,392 - INFO - About to download new driver from https://github.com/mozilla/geckodriver/releases/download/v0.36.0/geckodriver-v0.36.0-linux64.tar.gz
2025-12-18 03:28:29,464 - INFO - Driver downloading response is 200
2025-12-18 03:28:29,546 - INFO - Get LATEST geckodriver version for None firefox
2025-12-18 03:28:29,711 - INFO - Get LATEST geckodriver version for None firefox
2025-12-18 03:28:29,823 - INFO - Driver has been saved in cache [/home/ubuntu/.wdm/drivers/geckodriver/linux64/v0.36.0]
2025-12-18 03:28:29,857 - WARNING - Firefox недоступен: Message: Expected browser binary location, but unable to find binary in default location, no 'moz:firefoxOptions.binary' capability provided, and no binary flag set on the command line; For documentation on this error, please visit: https://www.selenium.dev/documentation/webdriver/troubleshooting/errors#sessionnotcreatedexception

2025-12-18 03:28:29,857 - INFO - Пробуем использовать Chrome как запасной вариант...
2025-12-18 03:28:29,859 - INFO - ====== WebDriver manager ======
2025-12-18 03:28:29,915 - INFO - Get LATEST chromedriver version for google-chrome
2025-12-18 03:28:29,962 - INFO - Get LATEST chromedriver version for google-chrome
2025-12-18 03:28:30,000 - INFO - Driver [/home/ubuntu/.wdm/drivers/chromedriver/linux64/143.0.7499.146/chromedriver-linux64/chromedriver] found in cache
2025-12-18 03:28:31,099 - ERROR - Chrome также недоступен: Message: session not created: Chrome instance exited. Examine ChromeDriver verbose log to determine the cause.; For documentation on this error, please visit: https://www.selenium.dev/documentation/webdriver/troubleshooting/errors#sessionnotcreatedexception
Stacktrace:
#0 0x564f0d2969aa <unknown>
#1 0x564f0cccb2db <unknown>
#2 0x564f0cd0520a <unknown>
#3 0x564f0cd00d63 <unknown>
#4 0x564f0cd5078c <unknown>
#5 0x564f0cd4feac <unknown>
#6 0x564f0cd0f112 <unknown>
#7 0x564f0cd0fdc1 <unknown>
#8 0x564f0d25f609 <unknown>
#9 0x564f0d26254d <unknown>
#10 0x564f0d248331 <unknown>
#11 0x564f0d26311b <unknown>
#12 0x564f0d22eff0 <unknown>
#13 0x564f0d283d98 <unknown>
#14 0x564f0d283f69 <unknown>
#15 0x564f0d295d03 <unknown>
#16 0x7f759b409aa4 <unknown>
#17 0x7f759b496c6c <unknown>

2025-12-18 03:28:35,829 - INFO - Шаблон URL загружен: https://www.instantcheckmate.com/results/?firstNam...
