2025-12-18 03:43:59,515 - INFO - Шаблон URL загружен: https://www.instantcheckmate.com/results/?firstNam...
2025-12-18 03:43:59,515 - INFO - ====== WebDriver manager ======
2025-12-18 03:43:59,523 - INFO - Get LATEST geckodriver version for None firefox
2025-12-18 03:43:59,623 - INFO - Getting latest mozilla release info for v0.36.0
2025-12-18 03:43:59,714 - INFO - About to download new driver from https://github.com/mozilla/geckodriver/releases/download/v0.36.0/geckodriver-v0.36.0-linux64.tar.gz
2025-12-18 03:43:59,786 - INFO - Driver downloading response is 200
2025-12-18 03:43:59,861 - INFO - Get LATEST geckodriver version for None firefox
2025-12-18 03:43:59,969 - INFO - Get LATEST geckodriver version for None firefox
2025-12-18 03:44:00,010 - INFO - Driver has been saved in cache [/home/ubuntu/.wdm/drivers/geckodriver/linux64/v0.36.0]
2025-12-18 03:44:00,043 - WARNING - Firefox недоступен: Message: Expected browser binary location, but unable to find binary in default location, no 'moz:firefoxOptions.binary' capability provided, and no binary flag set on the command line; For documentation on this error, please visit: https://www.selenium.dev/documentation/webdriver/troubleshooting/errors#sessionnotcreatedexception

2025-12-18 03:44:00,043 - INFO - Пробуем использовать Chrome как запасной вариант...
2025-12-18 03:44:00,067 - INFO - Обнаружен Chrome: Google Chrome 143.0.7499.109
2025-12-18 03:44:00,067 - INFO - ====== WebDriver manager ======
2025-12-18 03:44:00,114 - INFO - Get LATEST chromedriver version for google-chrome
2025-12-18 03:44:00,154 - INFO - Get LATEST chromedriver version for google-chrome
2025-12-18 03:44:00,192 - INFO - Driver [/home/ubuntu/.wdm/drivers/chromedriver/linux64/143.0.7499.146/chromedriver-linux64/chromedriver] found in cache
2025-12-18 03:44:00,217 - ERROR - Chrome также недоступен: Message: session not created
from disconnected: unable to connect to renderer; For documentation on this error, please visit: https://www.selenium.dev/documentation/webdriver/troubleshooting/errors#sessionnotcreatedexception
Stacktrace:
#0 0x555c7e9b99aa <unknown>
#1 0x555c7e3ee2db <unknown>
#2 0x555c7e42e518 <unknown>
#3 0x555c7e429afb <unknown>
#4 0x555c7e423d63 <unknown>
#5 0x555c7e47378c <unknown>
#6 0x555c7e472eac <unknown>
#7 0x555c7e432112 <unknown>
#8 0x555c7e432dc1 <unknown>
#9 0x555c7e982609 <unknown>
#10 0x555c7e98554d <unknown>
#11 0x555c7e96b331 <unknown>
#12 0x555c7e98611b <unknown>
#13 0x555c7e951ff0 <unknown>
#14 0x555c7e9a6d98 <unknown>
#15 0x555c7e9a6f69 <unknown>
#16 0x555c7e9b8d03 <unknown>
#17 0x7f11f3256aa4 <unknown>
#18 0x7f11f32e3c6c <unknown>

2025-12-18 03:44:00,217 - ERROR - Критическая ошибка: Не удалось инициализировать ни Firefox, ни Chrome. Установите один из браузеров.
Запуск парсера на все строки из input.txt...
Traceback (most recent call last):
  File "/workspace/parser.py", line 81, in setup_firefox_driver
    self.driver = webdriver.Firefox(service=service, options=firefox_options)
                  ^^^^^^^^^^^^^^^^^^^^^^^^^^^^^^^^^^^^^^^^^^^^^^^^^^^^^^^^^^^
  File "/home/ubuntu/.local/lib/python3.12/site-packages/selenium/webdriver/firefox/webdriver.py", line 68, in __init__
    super().__init__(command_executor=executor, options=options)
  File "/home/ubuntu/.local/lib/python3.12/site-packages/selenium/webdriver/remote/webdriver.py", line 257, in __init__
    self.start_session(capabilities)
  File "/home/ubuntu/.local/lib/python3.12/site-packages/selenium/webdriver/remote/webdriver.py", line 352, in start_session
    response = self.execute(Command.NEW_SESSION, caps)["value"]
               ^^^^^^^^^^^^^^^^^^^^^^^^^^^^^^^^^^^^^^^
  File "/home/ubuntu/.local/lib/python3.12/site-packages/selenium/webdriver/remote/webdriver.py", line 432, in execute
    self.error_handler.check_response(response)
  File "/home/ubuntu/.local/lib/python3.12/site-packages/selenium/webdriver/remote/errorhandler.py", line 232, in check_response
    raise exception_class(message, screen, stacktrace)
selenium.common.exceptions.SessionNotCreatedException: Message: Expected browser binary location, but unable to find binary in default location, no 'moz:firefoxOptions.binary' capability provided, and no binary flag set on the command line; For documentation on this error, please visit: https://www.selenium.dev/documentation/webdriver/troubleshooting/errors#sessionnotcreatedexception


During handling of the above exception, another exception occurred:

Traceback (most recent call last):
  File "/workspace/parser.py", line 118, in setup_firefox_driver
    self.driver = webdriver.Chrome(service=service, options=chrome_options)
                  ^^^^^^^^^^^^^^^^^^^^^^^^^^^^^^^^^^^^^^^^^^^^^^^^^^^^^^^^^
  File "/home/ubuntu/.local/lib/python3.12/site-packages/selenium/webdriver/chrome/webdriver.py", line 46, in __init__
    super().__init__(
  File "/home/ubuntu/.local/lib/python3.12/site-packages/selenium/webdriver/chromium/webdriver.py", line 67, in __init__
    super().__init__(command_executor=executor, options=options)
  File "/home/ubuntu/.local/lib/python3.12/site-packages/selenium/webdriver/remote/webdriver.py", line 257, in __init__
    self.start_session(capabilities)
  File "/home/ubuntu/.local/lib/python3.12/site-packages/selenium/webdriver/remote/webdriver.py", line 352, in start_session
    response = self.execute(Command.NEW_SESSION, caps)["value"]
               ^^^^^^^^^^^^^^^^^^^^^^^^^^^^^^^^^^^^^^^
  File "/home/ubuntu/.local/lib/python3.12/site-packages/selenium/webdriver/remote/webdriver.py", line 432, in execute
    self.error_handler.check_response(response)
  File "/home/ubuntu/.local/lib/python3.12/site-packages/selenium/webdriver/remote/errorhandler.py", line 232, in check_response
    raise exception_class(message, screen, stacktrace)
selenium.common.exceptions.SessionNotCreatedException: Message: session not created
from disconnected: unable to connect to renderer; For documentation on this error, please visit: https://www.selenium.dev/documentation/webdriver/troubleshooting/errors#sessionnotcreatedexception
Stacktrace:
#0 0x555c7e9b99aa <unknown>
#1 0x555c7e3ee2db <unknown>
#2 0x555c7e42e518 <unknown>
#3 0x555c7e429afb <unknown>
#4 0x555c7e423d63 <unknown>
#5 0x555c7e47378c <unknown>
#6 0x555c7e472eac <unknown>
#7 0x555c7e432112 <unknown>
#8 0x555c7e432dc1 <unknown>
#9 0x555c7e982609 <unknown>
#10 0x555c7e98554d <unknown>
#11 0x555c7e96b331 <unknown>
#12 0x555c7e98611b <unknown>
#13 0x555c7e951ff0 <unknown>
#14 0x555c7e9a6d98 <unknown>
#15 0x555c7e9a6f69 <unknown>
#16 0x555c7e9b8d03 <unknown>
#17 0x7f11f3256aa4 <unknown>
#18 0x7f11f32e3c6c <unknown>


During handling of the above exception, another exception occurred:

Traceback (most recent call last):
  File "/workspace/parser.py", line 568, in <module>
    main()
  File "/workspace/parser.py", line 564, in main
    parser.run(test_mode=False)
  File "/workspace/parser.py", line 533, in run
    self.setup_firefox_driver()
  File "/workspace/parser.py", line 122, in setup_firefox_driver
    raise Exception("Не удалось инициализировать ни Firefox, ни Chrome. Установите один из браузеров.")
Exception: Не удалось инициализировать ни Firefox, ни Chrome. Установите один из браузеров.
