
############################################################
ЗАПУСК ТЕСТОВОГО РЕЖИМА
Количество тестов: 100
Тестовые строки: 2-4 из input.txt
############################################################


============================================================
ТЕСТ #1/100
============================================================
✓ Тест #1 успешен

============================================================
ТЕСТ #2/100
============================================================
✓ Тест #2 успешен

============================================================
ТЕСТ #3/100
============================================================
✓ Тест #3 успешен

============================================================
ТЕСТ #4/100
============================================================
✓ Тест #4 успешен

============================================================
ТЕСТ #5/100
============================================================
✓ Тест #5 успешен

============================================================
ТЕСТ #6/100
============================================================
✓ Тест #6 успешен

============================================================
ТЕСТ #7/100
============================================================
✗ Тест #7 превысил лимит времени

============================================================
ТЕСТ #8/100
============================================================
✓ Тест #8 успешен

============================================================
ТЕСТ #9/100
============================================================
✗ Тест #9 провален
Код возврата: 1
Ошибки:
2025-12-18 03:44:06,905 - INFO - Шаблон URL загружен: https://www.instantcheckmate.com/results/?firstNam...
2025-12-18 03:44:06,905 - INFO - ====== WebDriver manager ======
2025-12-18 03:44:06,914 - INFO - Get LATEST geckodriver version for None firefox
2025-12-18 03:44:06,953 - INFO - Getting latest mozilla release info for v0.36.0
2025-12-18 03:44:07,048 - INFO - About to download new driver from https://github.com/mozilla/geckodriver/releases/download/v0.36.0/geckodriver-v0.36.0-linux64.tar.g

============================================================
ТЕСТ #10/100
============================================================
✗ Тест #10 провален
Код возврата: 1
Ошибки:
2025-12-18 03:44:10,900 - INFO - Шаблон URL загружен: https://www.instantcheckmate.com/results/?firstNam...
2025-12-18 03:44:10,900 - INFO - ====== WebDriver manager ======
2025-12-18 03:44:10,907 - INFO - Get LATEST geckodriver version for None firefox
2025-12-18 03:44:11,011 - INFO - Getting latest mozilla release info for v0.36.0
2025-12-18 03:44:11,097 - INFO - About to download new driver from https://github.com/mozilla/geckodriver/releases/download/v0.36.0/geckodriver-v0.36.0-linux64.tar.g

--- Статистика ---
Успешных тестов: 7
Проваленных тестов: 3
Процент успеха: 70.00%

--- Типы ошибок ---
Timeout: 1 раз(а)
2025-12-18 03: 4 раз(а)
selenium.common.exceptions.SessionNotCreatedException: 4 раз(а)
Exception: 2 раз(а)
Unknown: 1 раз(а)

============================================================
ТЕСТ #11/100
============================================================
✗ Тест #11 провален
Код возврата: 1
Ошибки:
2025-12-18 03:44:13,803 - INFO - Шаблон URL загружен: https://www.instantcheckmate.com/results/?firstNam...
2025-12-18 03:44:13,803 - INFO - ====== WebDriver manager ======
2025-12-18 03:44:13,812 - INFO - Get LATEST geckodriver version for None firefox
2025-12-18 03:44:13,849 - INFO - Getting latest mozilla release info for v0.36.0
2025-12-18 03:44:13,953 - INFO - About to download new driver from https://github.com/mozilla/geckodriver/releases/download/v0.36.0/geckodriver-v0.36.0-linux64.tar.g

============================================================
ТЕСТ #12/100
============================================================
✗ Тест #12 провален
Код возврата: 1
Ошибки:
2025-12-18 03:44:16,697 - INFO - Шаблон URL загружен: https://www.instantcheckmate.com/results/?firstNam...
2025-12-18 03:44:16,697 - INFO - ====== WebDriver manager ======
2025-12-18 03:44:16,705 - INFO - Get LATEST geckodriver version for None firefox
2025-12-18 03:44:16,742 - INFO - Getting latest mozilla release info for v0.36.0
2025-12-18 03:44:16,837 - INFO - About to download new driver from https://github.com/mozilla/geckodriver/releases/download/v0.36.0/geckodriver-v0.36.0-linux64.tar.g

============================================================
ТЕСТ #13/100
============================================================
✗ Тест #13 провален
Код возврата: 1
Ошибки:
2025-12-18 03:44:19,682 - INFO - Шаблон URL загружен: https://www.instantcheckmate.com/results/?firstNam...
2025-12-18 03:44:19,682 - INFO - ====== WebDriver manager ======
2025-12-18 03:44:19,690 - INFO - Get LATEST geckodriver version for None firefox
2025-12-18 03:44:19,729 - INFO - Getting latest mozilla release info for v0.36.0
2025-12-18 03:44:19,814 - INFO - About to download new driver from https://github.com/mozilla/geckodriver/releases/download/v0.36.0/geckodriver-v0.36.0-linux64.tar.g

============================================================
ТЕСТ #14/100
============================================================
✗ Тест #14 провален
Код возврата: 1
Ошибки:
2025-12-18 03:44:22,652 - INFO - Шаблон URL загружен: https://www.instantcheckmate.com/results/?firstNam...
2025-12-18 03:44:22,652 - INFO - ====== WebDriver manager ======
2025-12-18 03:44:22,660 - INFO - Get LATEST geckodriver version for None firefox
2025-12-18 03:44:22,699 - INFO - Getting latest mozilla release info for v0.36.0
2025-12-18 03:44:22,806 - INFO - About to download new driver from https://github.com/mozilla/geckodriver/releases/download/v0.36.0/geckodriver-v0.36.0-linux64.tar.g

============================================================
ТЕСТ #15/100
============================================================
✗ Тест #15 провален
Код возврата: 1
Ошибки:
2025-12-18 03:44:25,548 - INFO - Шаблон URL загружен: https://www.instantcheckmate.com/results/?firstNam...
2025-12-18 03:44:25,548 - INFO - ====== WebDriver manager ======
2025-12-18 03:44:25,556 - INFO - Get LATEST geckodriver version for None firefox
2025-12-18 03:44:25,591 - INFO - Getting latest mozilla release info for v0.36.0
2025-12-18 03:44:25,684 - INFO - About to download new driver from https://github.com/mozilla/geckodriver/releases/download/v0.36.0/geckodriver-v0.36.0-linux64.tar.g

============================================================
ТЕСТ #16/100
============================================================
✗ Тест #16 провален
Код возврата: 1
Ошибки:
2025-12-18 03:44:28,413 - INFO - Шаблон URL загружен: https://www.instantcheckmate.com/results/?firstNam...
2025-12-18 03:44:28,413 - INFO - ====== WebDriver manager ======
2025-12-18 03:44:28,421 - INFO - Get LATEST geckodriver version for None firefox
2025-12-18 03:44:28,457 - INFO - Getting latest mozilla release info for v0.36.0
2025-12-18 03:44:28,495 - INFO - About to download new driver from https://github.com/mozilla/geckodriver/releases/download/v0.36.0/geckodriver-v0.36.0-linux64.tar.g

============================================================
ТЕСТ #17/100
============================================================
✗ Тест #17 провален
Код возврата: 1
Ошибки:
2025-12-18 03:44:31,286 - INFO - Шаблон URL загружен: https://www.instantcheckmate.com/results/?firstNam...
2025-12-18 03:44:31,286 - INFO - ====== WebDriver manager ======
2025-12-18 03:44:31,294 - INFO - Get LATEST geckodriver version for None firefox
2025-12-18 03:44:31,396 - INFO - Getting latest mozilla release info for v0.36.0
2025-12-18 03:44:31,497 - INFO - About to download new driver from https://github.com/mozilla/geckodriver/releases/download/v0.36.0/geckodriver-v0.36.0-linux64.tar.g

============================================================
ТЕСТ #18/100
============================================================
✗ Тест #18 провален
Код возврата: 1
Ошибки:
2025-12-18 03:44:34,245 - INFO - Шаблон URL загружен: https://www.instantcheckmate.com/results/?firstNam...
2025-12-18 03:44:34,245 - INFO - ====== WebDriver manager ======
2025-12-18 03:44:34,253 - INFO - Get LATEST geckodriver version for None firefox
2025-12-18 03:44:34,290 - INFO - Getting latest mozilla release info for v0.36.0
2025-12-18 03:44:34,369 - INFO - About to download new driver from https://github.com/mozilla/geckodriver/releases/download/v0.36.0/geckodriver-v0.36.0-linux64.tar.g

============================================================
ТЕСТ #19/100
============================================================
✗ Тест #19 провален
Код возврата: 1
Ошибки:
2025-12-18 03:44:37,114 - INFO - Шаблон URL загружен: https://www.instantcheckmate.com/results/?firstNam...
2025-12-18 03:44:37,114 - INFO - ====== WebDriver manager ======
2025-12-18 03:44:37,121 - INFO - Get LATEST geckodriver version for None firefox
2025-12-18 03:44:37,157 - INFO - Getting latest mozilla release info for v0.36.0
2025-12-18 03:44:37,254 - INFO - About to download new driver from https://github.com/mozilla/geckodriver/releases/download/v0.36.0/geckodriver-v0.36.0-linux64.tar.g

============================================================
ТЕСТ #20/100
============================================================
✗ Тест #20 провален
Код возврата: 1
Ошибки:
2025-12-18 03:44:40,129 - INFO - Шаблон URL загружен: https://www.instantcheckmate.com/results/?firstNam...
2025-12-18 03:44:40,129 - INFO - ====== WebDriver manager ======
2025-12-18 03:44:40,136 - INFO - Get LATEST geckodriver version for None firefox
2025-12-18 03:44:40,225 - INFO - Getting latest mozilla release info for v0.36.0
2025-12-18 03:44:40,315 - INFO - About to download new driver from https://github.com/mozilla/geckodriver/releases/download/v0.36.0/geckodriver-v0.36.0-linux64.tar.g

--- Статистика ---
Успешных тестов: 7
Проваленных тестов: 13
Процент успеха: 35.00%

--- Типы ошибок ---
Timeout: 1 раз(а)
2025-12-18 03: 24 раз(а)
selenium.common.exceptions.SessionNotCreatedException: 24 раз(а)
Exception: 12 раз(а)
Unknown: 11 раз(а)

============================================================
ТЕСТ #21/100
============================================================
✗ Тест #21 провален
Код возврата: 1
Ошибки:
2025-12-18 03:44:43,117 - INFO - Шаблон URL загружен: https://www.instantcheckmate.com/results/?firstNam...
2025-12-18 03:44:43,117 - INFO - ====== WebDriver manager ======
2025-12-18 03:44:43,125 - INFO - Get LATEST geckodriver version for None firefox
2025-12-18 03:44:43,172 - INFO - Getting latest mozilla release info for v0.36.0
2025-12-18 03:44:43,262 - INFO - About to download new driver from https://github.com/mozilla/geckodriver/releases/download/v0.36.0/geckodriver-v0.36.0-linux64.tar.g

============================================================
ТЕСТ #22/100
============================================================
✗ Тест #22 провален
Код возврата: 1
Ошибки:
2025-12-18 03:44:46,099 - INFO - Шаблон URL загружен: https://www.instantcheckmate.com/results/?firstNam...
2025-12-18 03:44:46,100 - INFO - ====== WebDriver manager ======
2025-12-18 03:44:46,107 - INFO - Get LATEST geckodriver version for None firefox
2025-12-18 03:44:46,145 - INFO - Getting latest mozilla release info for v0.36.0
2025-12-18 03:44:46,248 - INFO - About to download new driver from https://github.com/mozilla/geckodriver/releases/download/v0.36.0/geckodriver-v0.36.0-linux64.tar.g

============================================================
ТЕСТ #23/100
============================================================
✗ Тест #23 провален
Код возврата: 1
Ошибки:
2025-12-18 03:44:48,985 - INFO - Шаблон URL загружен: https://www.instantcheckmate.com/results/?firstNam...
2025-12-18 03:44:48,985 - INFO - ====== WebDriver manager ======
2025-12-18 03:44:48,993 - INFO - Get LATEST geckodriver version for None firefox
2025-12-18 03:44:49,090 - INFO - Getting latest mozilla release info for v0.36.0
2025-12-18 03:44:49,126 - INFO - About to download new driver from https://github.com/mozilla/geckodriver/releases/download/v0.36.0/geckodriver-v0.36.0-linux64.tar.g

============================================================
ТЕСТ #24/100
============================================================
✗ Тест #24 провален
Код возврата: 1
Ошибки:
2025-12-18 03:44:51,923 - INFO - Шаблон URL загружен: https://www.instantcheckmate.com/results/?firstNam...
2025-12-18 03:44:51,923 - INFO - ====== WebDriver manager ======
2025-12-18 03:44:51,930 - INFO - Get LATEST geckodriver version for None firefox
2025-12-18 03:44:51,967 - INFO - Getting latest mozilla release info for v0.36.0
2025-12-18 03:44:52,067 - INFO - About to download new driver from https://github.com/mozilla/geckodriver/releases/download/v0.36.0/geckodriver-v0.36.0-linux64.tar.g

============================================================
ТЕСТ #25/100
============================================================
✗ Тест #25 провален
Код возврата: 1
Ошибки:
2025-12-18 03:44:54,923 - INFO - Шаблон URL загружен: https://www.instantcheckmate.com/results/?firstNam...
2025-12-18 03:44:54,923 - INFO - ====== WebDriver manager ======
2025-12-18 03:44:54,932 - INFO - Get LATEST geckodriver version for None firefox
2025-12-18 03:44:54,970 - INFO - Getting latest mozilla release info for v0.36.0
2025-12-18 03:44:55,005 - INFO - About to download new driver from https://github.com/mozilla/geckodriver/releases/download/v0.36.0/geckodriver-v0.36.0-linux64.tar.g

============================================================
ТЕСТ #26/100
============================================================
✗ Тест #26 провален
Код возврата: 1
Ошибки:
2025-12-18 03:44:57,809 - INFO - Шаблон URL загружен: https://www.instantcheckmate.com/results/?firstNam...
2025-12-18 03:44:57,809 - INFO - ====== WebDriver manager ======
2025-12-18 03:44:57,817 - INFO - Get LATEST geckodriver version for None firefox
2025-12-18 03:44:57,855 - INFO - Getting latest mozilla release info for v0.36.0
2025-12-18 03:44:57,945 - INFO - About to download new driver from https://github.com/mozilla/geckodriver/releases/download/v0.36.0/geckodriver-v0.36.0-linux64.tar.g

============================================================
ТЕСТ #27/100
============================================================
✗ Тест #27 провален
Код возврата: 1
Ошибки:
2025-12-18 03:45:00,747 - INFO - Шаблон URL загружен: https://www.instantcheckmate.com/results/?firstNam...
2025-12-18 03:45:00,747 - INFO - ====== WebDriver manager ======
2025-12-18 03:45:00,756 - INFO - Get LATEST geckodriver version for None firefox
2025-12-18 03:45:00,794 - INFO - Getting latest mozilla release info for v0.36.0
2025-12-18 03:45:00,886 - INFO - About to download new driver from https://github.com/mozilla/geckodriver/releases/download/v0.36.0/geckodriver-v0.36.0-linux64.tar.g

============================================================
ТЕСТ #28/100
============================================================
✗ Тест #28 провален
Код возврата: 1
Ошибки:
2025-12-18 03:45:03,855 - INFO - Шаблон URL загружен: https://www.instantcheckmate.com/results/?firstNam...
2025-12-18 03:45:03,855 - INFO - ====== WebDriver manager ======
2025-12-18 03:45:03,864 - INFO - Get LATEST geckodriver version for None firefox
2025-12-18 03:45:03,960 - INFO - Getting latest mozilla release info for v0.36.0
2025-12-18 03:45:04,007 - INFO - About to download new driver from https://github.com/mozilla/geckodriver/releases/download/v0.36.0/geckodriver-v0.36.0-linux64.tar.g

============================================================
ТЕСТ #29/100
============================================================
✗ Тест #29 провален
Код возврата: 1
Ошибки:
2025-12-18 03:45:06,709 - INFO - Шаблон URL загружен: https://www.instantcheckmate.com/results/?firstNam...
2025-12-18 03:45:06,709 - INFO - ====== WebDriver manager ======
2025-12-18 03:45:06,717 - INFO - Get LATEST geckodriver version for None firefox
2025-12-18 03:45:06,818 - INFO - Getting latest mozilla release info for v0.36.0
2025-12-18 03:45:06,910 - INFO - About to download new driver from https://github.com/mozilla/geckodriver/releases/download/v0.36.0/geckodriver-v0.36.0-linux64.tar.g

============================================================
ТЕСТ #30/100
============================================================
✗ Тест #30 провален
Код возврата: 1
Ошибки:
2025-12-18 03:45:09,678 - INFO - Шаблон URL загружен: https://www.instantcheckmate.com/results/?firstNam...
2025-12-18 03:45:09,678 - INFO - ====== WebDriver manager ======
2025-12-18 03:45:09,686 - INFO - Get LATEST geckodriver version for None firefox
2025-12-18 03:45:09,725 - INFO - Getting latest mozilla release info for v0.36.0
2025-12-18 03:45:09,832 - INFO - About to download new driver from https://github.com/mozilla/geckodriver/releases/download/v0.36.0/geckodriver-v0.36.0-linux64.tar.g

--- Статистика ---
Успешных тестов: 7
Проваленных тестов: 23
Процент успеха: 23.33%

--- Типы ошибок ---
Timeout: 1 раз(а)
2025-12-18 03: 44 раз(а)
selenium.common.exceptions.SessionNotCreatedException: 44 раз(а)
Exception: 22 раз(а)
Unknown: 21 раз(а)

============================================================
ТЕСТ #31/100
============================================================
✗ Тест #31 провален
Код возврата: 1
Ошибки:
2025-12-18 03:45:12,669 - INFO - Шаблон URL загружен: https://www.instantcheckmate.com/results/?firstNam...
2025-12-18 03:45:12,670 - INFO - ====== WebDriver manager ======
2025-12-18 03:45:12,677 - INFO - Get LATEST geckodriver version for None firefox
2025-12-18 03:45:12,774 - INFO - Getting latest mozilla release info for v0.36.0
2025-12-18 03:45:12,819 - INFO - About to download new driver from https://github.com/mozilla/geckodriver/releases/download/v0.36.0/geckodriver-v0.36.0-linux64.tar.g

============================================================
ТЕСТ #32/100
============================================================
✗ Тест #32 провален
Код возврата: 1
Ошибки:
2025-12-18 03:45:15,565 - INFO - Шаблон URL загружен: https://www.instantcheckmate.com/results/?firstNam...
2025-12-18 03:45:15,565 - INFO - ====== WebDriver manager ======
2025-12-18 03:45:15,573 - INFO - Get LATEST geckodriver version for None firefox
2025-12-18 03:45:15,611 - INFO - Getting latest mozilla release info for v0.36.0
2025-12-18 03:45:15,700 - INFO - About to download new driver from https://github.com/mozilla/geckodriver/releases/download/v0.36.0/geckodriver-v0.36.0-linux64.tar.g

============================================================
ТЕСТ #33/100
============================================================
✗ Тест #33 провален
Код возврата: 1
Ошибки:
2025-12-18 03:45:18,429 - INFO - Шаблон URL загружен: https://www.instantcheckmate.com/results/?firstNam...
2025-12-18 03:45:18,429 - INFO - ====== WebDriver manager ======
2025-12-18 03:45:18,437 - INFO - Get LATEST geckodriver version for None firefox
2025-12-18 03:45:18,473 - INFO - Getting latest mozilla release info for v0.36.0
2025-12-18 03:45:18,588 - INFO - About to download new driver from https://github.com/mozilla/geckodriver/releases/download/v0.36.0/geckodriver-v0.36.0-linux64.tar.g

============================================================
ТЕСТ #34/100
============================================================
✗ Тест #34 провален
Код возврата: 1
Ошибки:
2025-12-18 03:45:21,360 - INFO - Шаблон URL загружен: https://www.instantcheckmate.com/results/?firstNam...
2025-12-18 03:45:21,360 - INFO - ====== WebDriver manager ======
2025-12-18 03:45:21,367 - INFO - Get LATEST geckodriver version for None firefox
2025-12-18 03:45:21,479 - INFO - Getting latest mozilla release info for v0.36.0
2025-12-18 03:45:21,563 - INFO - About to download new driver from https://github.com/mozilla/geckodriver/releases/download/v0.36.0/geckodriver-v0.36.0-linux64.tar.g

============================================================
ТЕСТ #35/100
============================================================
✗ Тест #35 провален
Код возврата: 1
Ошибки:
2025-12-18 03:45:24,494 - INFO - Шаблон URL загружен: https://www.instantcheckmate.com/results/?firstNam...
2025-12-18 03:45:24,494 - INFO - ====== WebDriver manager ======
2025-12-18 03:45:24,502 - INFO - Get LATEST geckodriver version for None firefox
2025-12-18 03:45:24,539 - INFO - Getting latest mozilla release info for v0.36.0
2025-12-18 03:45:24,637 - INFO - About to download new driver from https://github.com/mozilla/geckodriver/releases/download/v0.36.0/geckodriver-v0.36.0-linux64.tar.g

============================================================
ТЕСТ #36/100
============================================================
✗ Тест #36 провален
Код возврата: 1
Ошибки:
2025-12-18 03:45:27,522 - INFO - Шаблон URL загружен: https://www.instantcheckmate.com/results/?firstNam...
2025-12-18 03:45:27,523 - INFO - ====== WebDriver manager ======
2025-12-18 03:45:27,530 - INFO - Get LATEST geckodriver version for None firefox
2025-12-18 03:45:27,623 - INFO - Getting latest mozilla release info for v0.36.0
2025-12-18 03:45:27,659 - INFO - About to download new driver from https://github.com/mozilla/geckodriver/releases/download/v0.36.0/geckodriver-v0.36.0-linux64.tar.g

============================================================
ТЕСТ #37/100
============================================================
✗ Тест #37 провален
Код возврата: 1
Ошибки:
2025-12-18 03:45:30,443 - INFO - Шаблон URL загружен: https://www.instantcheckmate.com/results/?firstNam...
2025-12-18 03:45:30,444 - INFO - ====== WebDriver manager ======
2025-12-18 03:45:30,452 - INFO - Get LATEST geckodriver version for None firefox
2025-12-18 03:45:30,489 - INFO - Getting latest mozilla release info for v0.36.0
2025-12-18 03:45:30,570 - INFO - About to download new driver from https://github.com/mozilla/geckodriver/releases/download/v0.36.0/geckodriver-v0.36.0-linux64.tar.g

============================================================
ТЕСТ #38/100
============================================================
✗ Тест #38 провален
Код возврата: 1
Ошибки:
2025-12-18 03:45:33,419 - INFO - Шаблон URL загружен: https://www.instantcheckmate.com/results/?firstNam...
2025-12-18 03:45:33,419 - INFO - ====== WebDriver manager ======
2025-12-18 03:45:33,427 - INFO - Get LATEST geckodriver version for None firefox
2025-12-18 03:45:33,466 - INFO - Getting latest mozilla release info for v0.36.0
2025-12-18 03:45:33,549 - INFO - About to download new driver from https://github.com/mozilla/geckodriver/releases/download/v0.36.0/geckodriver-v0.36.0-linux64.tar.g

============================================================
ТЕСТ #39/100
============================================================
✗ Тест #39 провален
Код возврата: 1
Ошибки:
2025-12-18 03:45:36,434 - INFO - Шаблон URL загружен: https://www.instantcheckmate.com/results/?firstNam...
2025-12-18 03:45:36,434 - INFO - ====== WebDriver manager ======
2025-12-18 03:45:36,442 - INFO - Get LATEST geckodriver version for None firefox
2025-12-18 03:45:36,479 - INFO - Getting latest mozilla release info for v0.36.0
2025-12-18 03:45:36,516 - INFO - About to download new driver from https://github.com/mozilla/geckodriver/releases/download/v0.36.0/geckodriver-v0.36.0-linux64.tar.g

============================================================
ТЕСТ #40/100
============================================================
✗ Тест #40 провален
Код возврата: 1
Ошибки:
2025-12-18 03:45:39,385 - INFO - Шаблон URL загружен: https://www.instantcheckmate.com/results/?firstNam...
2025-12-18 03:45:39,385 - INFO - ====== WebDriver manager ======
2025-12-18 03:45:39,393 - INFO - Get LATEST geckodriver version for None firefox
2025-12-18 03:45:39,432 - INFO - Getting latest mozilla release info for v0.36.0
2025-12-18 03:45:39,526 - INFO - About to download new driver from https://github.com/mozilla/geckodriver/releases/download/v0.36.0/geckodriver-v0.36.0-linux64.tar.g

--- Статистика ---
Успешных тестов: 7
Проваленных тестов: 33
Процент успеха: 17.50%

--- Типы ошибок ---
Timeout: 1 раз(а)
2025-12-18 03: 64 раз(а)
selenium.common.exceptions.SessionNotCreatedException: 64 раз(а)
Exception: 32 раз(а)
Unknown: 31 раз(а)

============================================================
ТЕСТ #41/100
============================================================
✗ Тест #41 провален
Код возврата: 1
Ошибки:
2025-12-18 03:45:42,338 - INFO - Шаблон URL загружен: https://www.instantcheckmate.com/results/?firstNam...
2025-12-18 03:45:42,338 - INFO - ====== WebDriver manager ======
2025-12-18 03:45:42,346 - INFO - Get LATEST geckodriver version for None firefox
2025-12-18 03:45:42,433 - INFO - Getting latest mozilla release info for v0.36.0
2025-12-18 03:45:42,628 - INFO - About to download new driver from https://github.com/mozilla/geckodriver/releases/download/v0.36.0/geckodriver-v0.36.0-linux64.tar.g

============================================================
ТЕСТ #42/100
============================================================
✗ Тест #42 провален
Код возврата: 1
Ошибки:
2025-12-18 03:45:45,409 - INFO - Шаблон URL загружен: https://www.instantcheckmate.com/results/?firstNam...
2025-12-18 03:45:45,409 - INFO - ====== WebDriver manager ======
2025-12-18 03:45:45,417 - INFO - Get LATEST geckodriver version for None firefox
2025-12-18 03:45:45,519 - INFO - Getting latest mozilla release info for v0.36.0
2025-12-18 03:45:45,632 - INFO - About to download new driver from https://github.com/mozilla/geckodriver/releases/download/v0.36.0/geckodriver-v0.36.0-linux64.tar.g

============================================================
ТЕСТ #43/100
============================================================
✗ Тест #43 провален
Код возврата: 1
Ошибки:
2025-12-18 03:45:48,457 - INFO - Шаблон URL загружен: https://www.instantcheckmate.com/results/?firstNam...
2025-12-18 03:45:48,457 - INFO - ====== WebDriver manager ======
2025-12-18 03:45:48,465 - INFO - Get LATEST geckodriver version for None firefox
2025-12-18 03:45:48,513 - INFO - Getting latest mozilla release info for v0.36.0
2025-12-18 03:45:48,549 - INFO - About to download new driver from https://github.com/mozilla/geckodriver/releases/download/v0.36.0/geckodriver-v0.36.0-linux64.tar.g

============================================================
ТЕСТ #44/100
============================================================
✗ Тест #44 провален
Код возврата: 1
Ошибки:
2025-12-18 03:45:51,284 - INFO - Шаблон URL загружен: https://www.instantcheckmate.com/results/?firstNam...
2025-12-18 03:45:51,285 - INFO - ====== WebDriver manager ======
2025-12-18 03:45:51,292 - INFO - Get LATEST geckodriver version for None firefox
2025-12-18 03:45:51,329 - INFO - Getting latest mozilla release info for v0.36.0
2025-12-18 03:45:51,411 - INFO - About to download new driver from https://github.com/mozilla/geckodriver/releases/download/v0.36.0/geckodriver-v0.36.0-linux64.tar.g

============================================================
ТЕСТ #45/100
============================================================
✗ Тест #45 провален
Код возврата: 1
Ошибки:
2025-12-18 03:45:54,175 - INFO - Шаблон URL загружен: https://www.instantcheckmate.com/results/?firstNam...
2025-12-18 03:45:54,175 - INFO - ====== WebDriver manager ======
2025-12-18 03:45:54,183 - INFO - Get LATEST geckodriver version for None firefox
2025-12-18 03:45:54,220 - INFO - Getting latest mozilla release info for v0.36.0
2025-12-18 03:45:54,255 - INFO - About to download new driver from https://github.com/mozilla/geckodriver/releases/download/v0.36.0/geckodriver-v0.36.0-linux64.tar.g

============================================================
ТЕСТ #46/100
============================================================
✗ Тест #46 провален
Код возврата: 1
Ошибки:
2025-12-18 03:45:56,975 - INFO - Шаблон URL загружен: https://www.instantcheckmate.com/results/?firstNam...
2025-12-18 03:45:56,975 - INFO - ====== WebDriver manager ======
2025-12-18 03:45:56,982 - INFO - Get LATEST geckodriver version for None firefox
2025-12-18 03:45:57,103 - INFO - Getting latest mozilla release info for v0.36.0
2025-12-18 03:45:57,196 - INFO - About to download new driver from https://github.com/mozilla/geckodriver/releases/download/v0.36.0/geckodriver-v0.36.0-linux64.tar.g

============================================================
ТЕСТ #47/100
============================================================
✗ Тест #47 провален
Код возврата: 1
Ошибки:
2025-12-18 03:45:59,989 - INFO - Шаблон URL загружен: https://www.instantcheckmate.com/results/?firstNam...
2025-12-18 03:45:59,989 - INFO - ====== WebDriver manager ======
2025-12-18 03:45:59,995 - INFO - Get LATEST geckodriver version for None firefox
2025-12-18 03:46:00,096 - INFO - Getting latest mozilla release info for v0.36.0
2025-12-18 03:46:00,200 - INFO - About to download new driver from https://github.com/mozilla/geckodriver/releases/download/v0.36.0/geckodriver-v0.36.0-linux64.tar.g

============================================================
ТЕСТ #48/100
============================================================
✗ Тест #48 провален
Код возврата: 1
Ошибки:
2025-12-18 03:46:02,978 - INFO - Шаблон URL загружен: https://www.instantcheckmate.com/results/?firstNam...
2025-12-18 03:46:02,978 - INFO - ====== WebDriver manager ======
2025-12-18 03:46:02,985 - INFO - Get LATEST geckodriver version for None firefox
2025-12-18 03:46:03,023 - INFO - Getting latest mozilla release info for v0.36.0
2025-12-18 03:46:03,061 - INFO - About to download new driver from https://github.com/mozilla/geckodriver/releases/download/v0.36.0/geckodriver-v0.36.0-linux64.tar.g

============================================================
ТЕСТ #49/100
============================================================
✗ Тест #49 провален
Код возврата: 1
Ошибки:
2025-12-18 03:46:05,959 - INFO - Шаблон URL загружен: https://www.instantcheckmate.com/results/?firstNam...
2025-12-18 03:46:05,959 - INFO - ====== WebDriver manager ======
2025-12-18 03:46:05,966 - INFO - Get LATEST geckodriver version for None firefox
2025-12-18 03:46:06,003 - INFO - Getting latest mozilla release info for v0.36.0
2025-12-18 03:46:06,122 - INFO - About to download new driver from https://github.com/mozilla/geckodriver/releases/download/v0.36.0/geckodriver-v0.36.0-linux64.tar.g

============================================================
ТЕСТ #50/100
============================================================
✗ Тест #50 провален
Код возврата: 1
Ошибки:
2025-12-18 03:46:09,009 - INFO - Шаблон URL загружен: https://www.instantcheckmate.com/results/?firstNam...
2025-12-18 03:46:09,009 - INFO - ====== WebDriver manager ======
2025-12-18 03:46:09,017 - INFO - Get LATEST geckodriver version for None firefox
2025-12-18 03:46:09,053 - INFO - Getting latest mozilla release info for v0.36.0
2025-12-18 03:46:09,143 - INFO - About to download new driver from https://github.com/mozilla/geckodriver/releases/download/v0.36.0/geckodriver-v0.36.0-linux64.tar.g

--- Статистика ---
Успешных тестов: 7
Проваленных тестов: 43
Процент успеха: 14.00%

--- Типы ошибок ---
Timeout: 1 раз(а)
2025-12-18 03: 84 раз(а)
selenium.common.exceptions.SessionNotCreatedException: 84 раз(а)
Exception: 42 раз(а)
Unknown: 41 раз(а)

============================================================
ТЕСТ #51/100
============================================================
✗ Тест #51 провален
Код возврата: 1
Ошибки:
2025-12-18 03:46:11,919 - INFO - Шаблон URL загружен: https://www.instantcheckmate.com/results/?firstNam...
2025-12-18 03:46:11,919 - INFO - ====== WebDriver manager ======
2025-12-18 03:46:11,927 - INFO - Get LATEST geckodriver version for None firefox
2025-12-18 03:46:11,963 - INFO - Getting latest mozilla release info for v0.36.0
2025-12-18 03:46:12,008 - INFO - About to download new driver from https://github.com/mozilla/geckodriver/releases/download/v0.36.0/geckodriver-v0.36.0-linux64.tar.g

============================================================
ТЕСТ #52/100
============================================================
✗ Тест #52 провален
Код возврата: 1
Ошибки:
2025-12-18 03:46:14,751 - INFO - Шаблон URL загружен: https://www.instantcheckmate.com/results/?firstNam...
2025-12-18 03:46:14,751 - INFO - ====== WebDriver manager ======
2025-12-18 03:46:14,760 - INFO - Get LATEST geckodriver version for None firefox
2025-12-18 03:46:14,851 - INFO - Getting latest mozilla release info for v0.36.0
2025-12-18 03:46:14,887 - INFO - About to download new driver from https://github.com/mozilla/geckodriver/releases/download/v0.36.0/geckodriver-v0.36.0-linux64.tar.g

============================================================
ТЕСТ #53/100
============================================================
✗ Тест #53 провален
Код возврата: 1
Ошибки:
2025-12-18 03:46:17,712 - INFO - Шаблон URL загружен: https://www.instantcheckmate.com/results/?firstNam...
2025-12-18 03:46:17,712 - INFO - ====== WebDriver manager ======
2025-12-18 03:46:17,720 - INFO - Get LATEST geckodriver version for None firefox
2025-12-18 03:46:17,850 - INFO - Getting latest mozilla release info for v0.36.0
2025-12-18 03:46:17,949 - INFO - About to download new driver from https://github.com/mozilla/geckodriver/releases/download/v0.36.0/geckodriver-v0.36.0-linux64.tar.g

============================================================
ТЕСТ #54/100
============================================================
✗ Тест #54 провален
Код возврата: 1
Ошибки:
2025-12-18 03:46:20,666 - INFO - Шаблон URL загружен: https://www.instantcheckmate.com/results/?firstNam...
2025-12-18 03:46:20,666 - INFO - ====== WebDriver manager ======
2025-12-18 03:46:20,674 - INFO - Get LATEST geckodriver version for None firefox
2025-12-18 03:46:20,710 - INFO - Getting latest mozilla release info for v0.36.0
2025-12-18 03:46:20,816 - INFO - About to download new driver from https://github.com/mozilla/geckodriver/releases/download/v0.36.0/geckodriver-v0.36.0-linux64.tar.g

============================================================
ТЕСТ #55/100
============================================================
✗ Тест #55 провален
Код возврата: 1
Ошибки:
2025-12-18 03:46:23,687 - INFO - Шаблон URL загружен: https://www.instantcheckmate.com/results/?firstNam...
2025-12-18 03:46:23,687 - INFO - ====== WebDriver manager ======
2025-12-18 03:46:23,695 - INFO - Get LATEST geckodriver version for None firefox
2025-12-18 03:46:23,731 - INFO - Getting latest mozilla release info for v0.36.0
2025-12-18 03:46:23,834 - INFO - About to download new driver from https://github.com/mozilla/geckodriver/releases/download/v0.36.0/geckodriver-v0.36.0-linux64.tar.g

============================================================
ТЕСТ #56/100
============================================================
✗ Тест #56 провален
Код возврата: 1
Ошибки:
2025-12-18 03:46:26,701 - INFO - Шаблон URL загружен: https://www.instantcheckmate.com/results/?firstNam...
2025-12-18 03:46:26,702 - INFO - ====== WebDriver manager ======
2025-12-18 03:46:26,709 - INFO - Get LATEST geckodriver version for None firefox
2025-12-18 03:46:26,752 - INFO - Getting latest mozilla release info for v0.36.0
2025-12-18 03:46:26,857 - INFO - About to download new driver from https://github.com/mozilla/geckodriver/releases/download/v0.36.0/geckodriver-v0.36.0-linux64.tar.g

============================================================
ТЕСТ #57/100
============================================================
✗ Тест #57 провален
Код возврата: 1
Ошибки:
2025-12-18 03:46:29,623 - INFO - Шаблон URL загружен: https://www.instantcheckmate.com/results/?firstNam...
2025-12-18 03:46:29,623 - INFO - ====== WebDriver manager ======
2025-12-18 03:46:29,631 - INFO - Get LATEST geckodriver version for None firefox
2025-12-18 03:46:29,668 - INFO - Getting latest mozilla release info for v0.36.0
2025-12-18 03:46:29,702 - INFO - About to download new driver from https://github.com/mozilla/geckodriver/releases/download/v0.36.0/geckodriver-v0.36.0-linux64.tar.g

============================================================
ТЕСТ #58/100
============================================================
✗ Тест #58 провален
Код возврата: 1
Ошибки:
2025-12-18 03:46:32,508 - INFO - Шаблон URL загружен: https://www.instantcheckmate.com/results/?firstNam...
2025-12-18 03:46:32,509 - INFO - ====== WebDriver manager ======
2025-12-18 03:46:32,517 - INFO - Get LATEST geckodriver version for None firefox
2025-12-18 03:46:32,554 - INFO - Getting latest mozilla release info for v0.36.0
2025-12-18 03:46:32,666 - INFO - About to download new driver from https://github.com/mozilla/geckodriver/releases/download/v0.36.0/geckodriver-v0.36.0-linux64.tar.g

============================================================
ТЕСТ #59/100
============================================================
✗ Тест #59 провален
Код возврата: 1
Ошибки:
2025-12-18 03:46:35,497 - INFO - Шаблон URL загружен: https://www.instantcheckmate.com/results/?firstNam...
2025-12-18 03:46:35,497 - INFO - ====== WebDriver manager ======
2025-12-18 03:46:35,505 - INFO - Get LATEST geckodriver version for None firefox
2025-12-18 03:46:35,542 - INFO - Getting latest mozilla release info for v0.36.0
2025-12-18 03:46:35,580 - INFO - About to download new driver from https://github.com/mozilla/geckodriver/releases/download/v0.36.0/geckodriver-v0.36.0-linux64.tar.g

============================================================
ТЕСТ #60/100
============================================================
✗ Тест #60 провален
Код возврата: 1
Ошибки:
2025-12-18 03:46:38,457 - INFO - Шаблон URL загружен: https://www.instantcheckmate.com/results/?firstNam...
2025-12-18 03:46:38,457 - INFO - ====== WebDriver manager ======
2025-12-18 03:46:38,465 - INFO - Get LATEST geckodriver version for None firefox
2025-12-18 03:46:38,568 - INFO - Getting latest mozilla release info for v0.36.0
2025-12-18 03:46:38,665 - INFO - About to download new driver from https://github.com/mozilla/geckodriver/releases/download/v0.36.0/geckodriver-v0.36.0-linux64.tar.g

--- Статистика ---
Успешных тестов: 7
Проваленных тестов: 53
Процент успеха: 11.67%

--- Типы ошибок ---
Timeout: 1 раз(а)
2025-12-18 03: 104 раз(а)
selenium.common.exceptions.SessionNotCreatedException: 104 раз(а)
Exception: 52 раз(а)
Unknown: 51 раз(а)

============================================================
ТЕСТ #61/100
============================================================
✗ Тест #61 провален
Код возврата: 1
Ошибки:
2025-12-18 03:46:41,429 - INFO - Шаблон URL загружен: https://www.instantcheckmate.com/results/?firstNam...
2025-12-18 03:46:41,429 - INFO - ====== WebDriver manager ======
2025-12-18 03:46:41,441 - INFO - Get LATEST geckodriver version for None firefox
2025-12-18 03:46:41,479 - INFO - Getting latest mozilla release info for v0.36.0
2025-12-18 03:46:41,568 - INFO - About to download new driver from https://github.com/mozilla/geckodriver/releases/download/v0.36.0/geckodriver-v0.36.0-linux64.tar.g

============================================================
ТЕСТ #62/100
============================================================
✗ Тест #62 провален
Код возврата: 1
Ошибки:
2025-12-18 03:46:44,452 - INFO - Шаблон URL загружен: https://www.instantcheckmate.com/results/?firstNam...
2025-12-18 03:46:44,452 - INFO - ====== WebDriver manager ======
2025-12-18 03:46:44,461 - INFO - Get LATEST geckodriver version for None firefox
2025-12-18 03:46:44,497 - INFO - Getting latest mozilla release info for v0.36.0
2025-12-18 03:46:44,534 - INFO - About to download new driver from https://github.com/mozilla/geckodriver/releases/download/v0.36.0/geckodriver-v0.36.0-linux64.tar.g

============================================================
ТЕСТ #63/100
============================================================
✗ Тест #63 провален
Код возврата: 1
Ошибки:
2025-12-18 03:46:47,393 - INFO - Шаблон URL загружен: https://www.instantcheckmate.com/results/?firstNam...
2025-12-18 03:46:47,394 - INFO - ====== WebDriver manager ======
2025-12-18 03:46:47,401 - INFO - Get LATEST geckodriver version for None firefox
2025-12-18 03:46:47,441 - INFO - Getting latest mozilla release info for v0.36.0
2025-12-18 03:46:47,476 - INFO - About to download new driver from https://github.com/mozilla/geckodriver/releases/download/v0.36.0/geckodriver-v0.36.0-linux64.tar.g

============================================================
ТЕСТ #64/100
============================================================
✗ Тест #64 провален
Код возврата: 1
Ошибки:
2025-12-18 03:46:50,321 - INFO - Шаблон URL загружен: https://www.instantcheckmate.com/results/?firstNam...
2025-12-18 03:46:50,321 - INFO - ====== WebDriver manager ======
2025-12-18 03:46:50,329 - INFO - Get LATEST geckodriver version for None firefox
2025-12-18 03:46:50,366 - INFO - Getting latest mozilla release info for v0.36.0
2025-12-18 03:46:50,457 - INFO - About to download new driver from https://github.com/mozilla/geckodriver/releases/download/v0.36.0/geckodriver-v0.36.0-linux64.tar.g

============================================================
ТЕСТ #65/100
============================================================
✗ Тест #65 провален
Код возврата: 1
Ошибки:
2025-12-18 03:46:53,293 - INFO - Шаблон URL загружен: https://www.instantcheckmate.com/results/?firstNam...
2025-12-18 03:46:53,293 - INFO - ====== WebDriver manager ======
2025-12-18 03:46:53,301 - INFO - Get LATEST geckodriver version for None firefox
2025-12-18 03:46:53,339 - INFO - Getting latest mozilla release info for v0.36.0
2025-12-18 03:46:53,382 - INFO - About to download new driver from https://github.com/mozilla/geckodriver/releases/download/v0.36.0/geckodriver-v0.36.0-linux64.tar.g

============================================================
ТЕСТ #66/100
============================================================
✗ Тест #66 провален
Код возврата: 1
Ошибки:
2025-12-18 03:46:56,195 - INFO - Шаблон URL загружен: https://www.instantcheckmate.com/results/?firstNam...
2025-12-18 03:46:56,195 - INFO - ====== WebDriver manager ======
2025-12-18 03:46:56,203 - INFO - Get LATEST geckodriver version for None firefox
2025-12-18 03:46:56,239 - INFO - Getting latest mozilla release info for v0.36.0
2025-12-18 03:46:56,351 - INFO - About to download new driver from https://github.com/mozilla/geckodriver/releases/download/v0.36.0/geckodriver-v0.36.0-linux64.tar.g

============================================================
ТЕСТ #67/100
============================================================
✗ Тест #67 провален
Код возврата: 1
Ошибки:
2025-12-18 03:46:59,162 - INFO - Шаблон URL загружен: https://www.instantcheckmate.com/results/?firstNam...
2025-12-18 03:46:59,162 - INFO - ====== WebDriver manager ======
2025-12-18 03:46:59,170 - INFO - Get LATEST geckodriver version for None firefox
2025-12-18 03:46:59,215 - INFO - Getting latest mozilla release info for v0.36.0
2025-12-18 03:46:59,251 - INFO - About to download new driver from https://github.com/mozilla/geckodriver/releases/download/v0.36.0/geckodriver-v0.36.0-linux64.tar.g

============================================================
ТЕСТ #68/100
============================================================
✗ Тест #68 провален
Код возврата: 1
Ошибки:
2025-12-18 03:47:02,066 - INFO - Шаблон URL загружен: https://www.instantcheckmate.com/results/?firstNam...
2025-12-18 03:47:02,066 - INFO - ====== WebDriver manager ======
2025-12-18 03:47:02,074 - INFO - Get LATEST geckodriver version for None firefox
2025-12-18 03:47:02,112 - INFO - Getting latest mozilla release info for v0.36.0
2025-12-18 03:47:02,148 - INFO - About to download new driver from https://github.com/mozilla/geckodriver/releases/download/v0.36.0/geckodriver-v0.36.0-linux64.tar.g

============================================================
ТЕСТ #69/100
============================================================
✗ Тест #69 провален
Код возврата: 1
Ошибки:
2025-12-18 03:47:04,924 - INFO - Шаблон URL загружен: https://www.instantcheckmate.com/results/?firstNam...
2025-12-18 03:47:04,924 - INFO - ====== WebDriver manager ======
2025-12-18 03:47:04,933 - INFO - Get LATEST geckodriver version for None firefox
2025-12-18 03:47:04,970 - INFO - Getting latest mozilla release info for v0.36.0
2025-12-18 03:47:05,006 - INFO - About to download new driver from https://github.com/mozilla/geckodriver/releases/download/v0.36.0/geckodriver-v0.36.0-linux64.tar.g
